18:04:41 **** Build of project lzw_acc_1_bsp ****
make -k all 
"Running Make include in ps7_cortexa9_0/libsrc/coresightps_dcc_v1_4/src"
make -C ps7_cortexa9_0/libsrc/coresightps_dcc_v1_4/src -s include  "SHELL=CMD" "COMPILER=arm-none-eabi-gcc" "ARCHIVER=arm-none-eabi-ar" "COMPILER_FLAGS=  -O2 -c" "EXTRA_COMPILER_FLAGS=-mcpu=cortex-a9 -mfpu=vfpv3 -mfloat-abi=hard -nostartfiles -Wall -Wextra"
"Running Make include in ps7_cortexa9_0/libsrc/cpu_cortexa9_v2_5/src"
make -C ps7_cortexa9_0/libsrc/cpu_cortexa9_v2_5/src -s include  "SHELL=CMD" "COMPILER=arm-none-eabi-gcc" "ARCHIVER=arm-none-eabi-ar" "COMPILER_FLAGS=  -O2 -c" "EXTRA_COMPILER_FLAGS=-mcpu=cortex-a9 -mfpu=vfpv3 -mfloat-abi=hard -nostartfiles -Wall -Wextra"
"Running Make include in ps7_cortexa9_0/libsrc/ddrps_v1_0/src"
make -C ps7_cortexa9_0/libsrc/ddrps_v1_0/src -s include  "SHELL=CMD" "COMPILER=arm-none-eabi-gcc" "ARCHIVER=arm-none-eabi-ar" "COMPILER_FLAGS=  -O2 -c" "EXTRA_COMPILER_FLAGS=-mcpu=cortex-a9 -mfpu=vfpv3 -mfloat-abi=hard -nostartfiles -Wall -Wextra"
"Running Make include in ps7_cortexa9_0/libsrc/devcfg_v3_5/src"
make -C ps7_cortexa9_0/libsrc/devcfg_v3_5/src -s include  "SHELL=CMD" "COMPILER=arm-none-eabi-gcc" "ARCHIVER=arm-none-eabi-ar" "COMPILER_FLAGS=  -O2 -c" "EXTRA_COMPILER_FLAGS=-mcpu=cortex-a9 -mfpu=vfpv3 -mfloat-abi=hard -nostartfiles -Wall -Wextra"
"Running Make include in ps7_cortexa9_0/libsrc/dmaps_v2_3/src"
make -C ps7_cortexa9_0/libsrc/dmaps_v2_3/src -s include  "SHELL=CMD" "COMPILER=arm-none-eabi-gcc" "ARCHIVER=arm-none-eabi-ar" "COMPILER_FLAGS=  -O2 -c" "EXTRA_COMPILER_FLAGS=-mcpu=cortex-a9 -mfpu=vfpv3 -mfloat-abi=hard -nostartfiles -Wall -Wextra"
"Running Make include in ps7_cortexa9_0/libsrc/emacps_v3_6/src"
make -C ps7_cortexa9_0/libsrc/emacps_v3_6/src -s include  "SHELL=CMD" "COMPILER=arm-none-eabi-gcc" "ARCHIVER=arm-none-eabi-ar" "COMPILER_FLAGS=  -O2 -c" "EXTRA_COMPILER_FLAGS=-mcpu=cortex-a9 -mfpu=vfpv3 -mfloat-abi=hard -nostartfiles -Wall -Wextra"
"Running Make include in ps7_cortexa9_0/libsrc/gpiops_v3_3/src"
make -C ps7_cortexa9_0/libsrc/gpiops_v3_3/src -s include  "SHELL=CMD" "COMPILER=arm-none-eabi-gcc" "ARCHIVER=arm-none-eabi-ar" "COMPILER_FLAGS=  -O2 -c" "EXTRA_COMPILER_FLAGS=-mcpu=cortex-a9 -mfpu=vfpv3 -mfloat-abi=hard -nostartfiles -Wall -Wextra"
"Running Make include in ps7_cortexa9_0/libsrc/qspips_v3_4/src"
make -C ps7_cortexa9_0/libsrc/qspips_v3_4/src -s include  "SHELL=CMD" "COMPILER=arm-none-eabi-gcc" "ARCHIVER=arm-none-eabi-ar" "COMPILER_FLAGS=  -O2 -c" "EXTRA_COMPILER_FLAGS=-mcpu=cortex-a9 -mfpu=vfpv3 -mfloat-abi=hard -nostartfiles -Wall -Wextra"
"Running Make include in ps7_cortexa9_0/libsrc/scugic_v3_8/src"
make -C ps7_cortexa9_0/libsrc/scugic_v3_8/src -s include  "SHELL=CMD" "COMPILER=arm-none-eabi-gcc" "ARCHIVER=arm-none-eabi-ar" "COMPILER_FLAGS=  -O2 -c" "EXTRA_COMPILER_FLAGS=-mcpu=cortex-a9 -mfpu=vfpv3 -mfloat-abi=hard -nostartfiles -Wall -Wextra"
"Running Make include in ps7_cortexa9_0/libsrc/scutimer_v2_1/src"
make -C ps7_cortexa9_0/libsrc/scutimer_v2_1/src -s include  "SHELL=CMD" "COMPILER=arm-none-eabi-gcc" "ARCHIVER=arm-none-eabi-ar" "COMPILER_FLAGS=  -O2 -c" "EXTRA_COMPILER_FLAGS=-mcpu=cortex-a9 -mfpu=vfpv3 -mfloat-abi=hard -nostartfiles -Wall -Wextra"
"Running Make include in ps7_cortexa9_0/libsrc/scuwdt_v2_1/src"
make -C ps7_cortexa9_0/libsrc/scuwdt_v2_1/src -s include  "SHELL=CMD" "COMPILER=arm-none-eabi-gcc" "ARCHIVER=arm-none-eabi-ar" "COMPILER_FLAGS=  -O2 -c" "EXTRA_COMPILER_FLAGS=-mcpu=cortex-a9 -mfpu=vfpv3 -mfloat-abi=hard -nostartfiles -Wall -Wextra"
"Running Make include in ps7_cortexa9_0/libsrc/sdps_v3_3/src"
make -C ps7_cortexa9_0/libsrc/sdps_v3_3/src -s include  "SHELL=CMD" "COMPILER=arm-none-eabi-gcc" "ARCHIVER=arm-none-eabi-ar" "COMPILER_FLAGS=  -O2 -c" "EXTRA_COMPILER_FLAGS=-mcpu=cortex-a9 -mfpu=vfpv3 -mfloat-abi=hard -nostartfiles -Wall -Wextra"
"Running Make include in ps7_cortexa9_0/libsrc/standalone_v6_5/src"
make -C ps7_cortexa9_0/libsrc/standalone_v6_5/src -s include  "SHELL=CMD" "COMPILER=arm-none-eabi-gcc" "ARCHIVER=arm-none-eabi-ar" "COMPILER_FLAGS=  -O2 -c" "EXTRA_COMPILER_FLAGS=-mcpu=cortex-a9 -mfpu=vfpv3 -mfloat-abi=hard -nostartfiles -Wall -Wextra"
"Running Make include in ps7_cortexa9_0/libsrc/ttcps_v3_5/src"
make -C ps7_cortexa9_0/libsrc/ttcps_v3_5/src -s include  "SHELL=CMD" "COMPILER=arm-none-eabi-gcc" "ARCHIVER=arm-none-eabi-ar" "COMPILER_FLAGS=  -O2 -c" "EXTRA_COMPILER_FLAGS=-mcpu=cortex-a9 -mfpu=vfpv3 -mfloat-abi=hard -nostartfiles -Wall -Wextra"
"Running Make include in ps7_cortexa9_0/libsrc/uartps_v3_5/src"
make -C ps7_cortexa9_0/libsrc/uartps_v3_5/src -s include  "SHELL=CMD" "COMPILER=arm-none-eabi-gcc" "ARCHIVER=arm-none-eabi-ar" "COMPILER_FLAGS=  -O2 -c" "EXTRA_COMPILER_FLAGS=-mcpu=cortex-a9 -mfpu=vfpv3 -mfloat-abi=hard -nostartfiles -Wall -Wextra"
"Running Make include in ps7_cortexa9_0/libsrc/usbps_v2_4/src"
make -C ps7_cortexa9_0/libsrc/usbps_v2_4/src -s include  "SHELL=CMD" "COMPILER=arm-none-eabi-gcc" "ARCHIVER=arm-none-eabi-ar" "COMPILER_FLAGS=  -O2 -c" "EXTRA_COMPILER_FLAGS=-mcpu=cortex-a9 -mfpu=vfpv3 -mfloat-abi=hard -nostartfiles -Wall -Wextra"
"Running Make include in ps7_cortexa9_0/libsrc/writeBinary_v1_0/src"
make -C ps7_cortexa9_0/libsrc/writeBinary_v1_0/src -s include  "SHELL=CMD" "COMPILER=arm-none-eabi-gcc" "ARCHIVER=arm-none-eabi-ar" "COMPILER_FLAGS=  -O2 -c" "EXTRA_COMPILER_FLAGS=-mcpu=cortex-a9 -mfpu=vfpv3 -mfloat-abi=hard -nostartfiles -Wall -Wextra"
"Running Make include in ps7_cortexa9_0/libsrc/xadcps_v2_2/src"
make -C ps7_cortexa9_0/libsrc/xadcps_v2_2/src -s include  "SHELL=CMD" "COMPILER=arm-none-eabi-gcc" "ARCHIVER=arm-none-eabi-ar" "COMPILER_FLAGS=  -O2 -c" "EXTRA_COMPILER_FLAGS=-mcpu=cortex-a9 -mfpu=vfpv3 -mfloat-abi=hard -nostartfiles -Wall -Wextra"
"Running Make libs in ps7_cortexa9_0/libsrc/coresightps_dcc_v1_4/src"
make -C ps7_cortexa9_0/libsrc/coresightps_dcc_v1_4/src -s libs  "SHELL=CMD" "COMPILER=arm-none-eabi-gcc" "ARCHIVER=arm-none-eabi-ar" "COMPILER_FLAGS=  -O2 -c" "EXTRA_COMPILER_FLAGS=-mcpu=cortex-a9 -mfpu=vfpv3 -mfloat-abi=hard -nostartfiles -Wall -Wextra"
"Compiling coresightps_dcc"
arm-none-eabi-ar: creating ../../../lib/libxil.a
"Running Make libs in ps7_cortexa9_0/libsrc/cpu_cortexa9_v2_5/src"
make -C ps7_cortexa9_0/libsrc/cpu_cortexa9_v2_5/src -s libs  "SHELL=CMD" "COMPILER=arm-none-eabi-gcc" "ARCHIVER=arm-none-eabi-ar" "COMPILER_FLAGS=  -O2 -c" "EXTRA_COMPILER_FLAGS=-mcpu=cortex-a9 -mfpu=vfpv3 -mfloat-abi=hard -nostartfiles -Wall -Wextra"
"Compiling cpu_cortexa9"
"Running Make libs in ps7_cortexa9_0/libsrc/ddrps_v1_0/src"
make -C ps7_cortexa9_0/libsrc/ddrps_v1_0/src -s libs  "SHELL=CMD" "COMPILER=arm-none-eabi-gcc" "ARCHIVER=arm-none-eabi-ar" "COMPILER_FLAGS=  -O2 -c" "EXTRA_COMPILER_FLAGS=-mcpu=cortex-a9 -mfpu=vfpv3 -mfloat-abi=hard -nostartfiles -Wall -Wextra"
"Compiling ddrps"
"Running Make libs in ps7_cortexa9_0/libsrc/devcfg_v3_5/src"
make -C ps7_cortexa9_0/libsrc/devcfg_v3_5/src -s libs  "SHELL=CMD" "COMPILER=arm-none-eabi-gcc" "ARCHIVER=arm-none-eabi-ar" "COMPILER_FLAGS=  -O2 -c" "EXTRA_COMPILER_FLAGS=-mcpu=cortex-a9 -mfpu=vfpv3 -mfloat-abi=hard -nostartfiles -Wall -Wextra"
"Compiling devcfg"
"Running Make libs in ps7_cortexa9_0/libsrc/dmaps_v2_3/src"
make -C ps7_cortexa9_0/libsrc/dmaps_v2_3/src -s libs  "SHELL=CMD" "COMPILER=arm-none-eabi-gcc" "ARCHIVER=arm-none-eabi-ar" "COMPILER_FLAGS=  -O2 -c" "EXTRA_COMPILER_FLAGS=-mcpu=cortex-a9 -mfpu=vfpv3 -mfloat-abi=hard -nostartfiles -Wall -Wextra"
"Compiling dmaps"
"Running Make libs in ps7_cortexa9_0/libsrc/emacps_v3_6/src"
make -C ps7_cortexa9_0/libsrc/emacps_v3_6/src -s libs  "SHELL=CMD" "COMPILER=arm-none-eabi-gcc" "ARCHIVER=arm-none-eabi-ar" "COMPILER_FLAGS=  -O2 -c" "EXTRA_COMPILER_FLAGS=-mcpu=cortex-a9 -mfpu=vfpv3 -mfloat-abi=hard -nostartfiles -Wall -Wextra"
"Compiling emacps"
"Running Make libs in ps7_cortexa9_0/libsrc/gpiops_v3_3/src"
make -C ps7_cortexa9_0/libsrc/gpiops_v3_3/src -s libs  "SHELL=CMD" "COMPILER=arm-none-eabi-gcc" "ARCHIVER=arm-none-eabi-ar" "COMPILER_FLAGS=  -O2 -c" "EXTRA_COMPILER_FLAGS=-mcpu=cortex-a9 -mfpu=vfpv3 -mfloat-abi=hard -nostartfiles -Wall -Wextra"
"Compiling gpiops"
"Running Make libs in ps7_cortexa9_0/libsrc/qspips_v3_4/src"
make -C ps7_cortexa9_0/libsrc/qspips_v3_4/src -s libs  "SHELL=CMD" "COMPILER=arm-none-eabi-gcc" "ARCHIVER=arm-none-eabi-ar" "COMPILER_FLAGS=  -O2 -c" "EXTRA_COMPILER_FLAGS=-mcpu=cortex-a9 -mfpu=vfpv3 -mfloat-abi=hard -nostartfiles -Wall -Wextra"
"Compiling qspips"
"Running Make libs in ps7_cortexa9_0/libsrc/scugic_v3_8/src"
make -C ps7_cortexa9_0/libsrc/scugic_v3_8/src -s libs  "SHELL=CMD" "COMPILER=arm-none-eabi-gcc" "ARCHIVER=arm-none-eabi-ar" "COMPILER_FLAGS=  -O2 -c" "EXTRA_COMPILER_FLAGS=-mcpu=cortex-a9 -mfpu=vfpv3 -mfloat-abi=hard -nostartfiles -Wall -Wextra"
"Compiling scugic"
"Running Make libs in ps7_cortexa9_0/libsrc/scutimer_v2_1/src"
make -C ps7_cortexa9_0/libsrc/scutimer_v2_1/src -s libs  "SHELL=CMD" "COMPILER=arm-none-eabi-gcc" "ARCHIVER=arm-none-eabi-ar" "COMPILER_FLAGS=  -O2 -c" "EXTRA_COMPILER_FLAGS=-mcpu=cortex-a9 -mfpu=vfpv3 -mfloat-abi=hard -nostartfiles -Wall -Wextra"
"Compiling scutimer"
"Running Make libs in ps7_cortexa9_0/libsrc/scuwdt_v2_1/src"
make -C ps7_cortexa9_0/libsrc/scuwdt_v2_1/src -s libs  "SHELL=CMD" "COMPILER=arm-none-eabi-gcc" "ARCHIVER=arm-none-eabi-ar" "COMPILER_FLAGS=  -O2 -c" "EXTRA_COMPILER_FLAGS=-mcpu=cortex-a9 -mfpu=vfpv3 -mfloat-abi=hard -nostartfiles -Wall -Wextra"
"Compiling scuwdt"
"Running Make libs in ps7_cortexa9_0/libsrc/sdps_v3_3/src"
make -C ps7_cortexa9_0/libsrc/sdps_v3_3/src -s libs  "SHELL=CMD" "COMPILER=arm-none-eabi-gcc" "ARCHIVER=arm-none-eabi-ar" "COMPILER_FLAGS=  -O2 -c" "EXTRA_COMPILER_FLAGS=-mcpu=cortex-a9 -mfpu=vfpv3 -mfloat-abi=hard -nostartfiles -Wall -Wextra"
"Compiling sdps"
"Running Make libs in ps7_cortexa9_0/libsrc/standalone_v6_5/src"
make -C ps7_cortexa9_0/libsrc/standalone_v6_5/src -s libs  "SHELL=CMD" "COMPILER=arm-none-eabi-gcc" "ARCHIVER=arm-none-eabi-ar" "COMPILER_FLAGS=  -O2 -c" "EXTRA_COMPILER_FLAGS=-mcpu=cortex-a9 -mfpu=vfpv3 -mfloat-abi=hard -nostartfiles -Wall -Wextra"
"Compiling standalone"
"Running Make libs in ps7_cortexa9_0/libsrc/ttcps_v3_5/src"
make -C ps7_cortexa9_0/libsrc/ttcps_v3_5/src -s libs  "SHELL=CMD" "COMPILER=arm-none-eabi-gcc" "ARCHIVER=arm-none-eabi-ar" "COMPILER_FLAGS=  -O2 -c" "EXTRA_COMPILER_FLAGS=-mcpu=cortex-a9 -mfpu=vfpv3 -mfloat-abi=hard -nostartfiles -Wall -Wextra"
"Compiling ttcps"
"Running Make libs in ps7_cortexa9_0/libsrc/uartps_v3_5/src"
make -C ps7_cortexa9_0/libsrc/uartps_v3_5/src -s libs  "SHELL=CMD" "COMPILER=arm-none-eabi-gcc" "ARCHIVER=arm-none-eabi-ar" "COMPILER_FLAGS=  -O2 -c" "EXTRA_COMPILER_FLAGS=-mcpu=cortex-a9 -mfpu=vfpv3 -mfloat-abi=hard -nostartfiles -Wall -Wextra"
"Compiling uartps"
"Running Make libs in ps7_cortexa9_0/libsrc/usbps_v2_4/src"
make -C ps7_cortexa9_0/libsrc/usbps_v2_4/src -s libs  "SHELL=CMD" "COMPILER=arm-none-eabi-gcc" "ARCHIVER=arm-none-eabi-ar" "COMPILER_FLAGS=  -O2 -c" "EXTRA_COMPILER_FLAGS=-mcpu=cortex-a9 -mfpu=vfpv3 -mfloat-abi=hard -nostartfiles -Wall -Wextra"
"Compiling usbps"
"Running Make libs in ps7_cortexa9_0/libsrc/writeBinary_v1_0/src"
make -C ps7_cortexa9_0/libsrc/writeBinary_v1_0/src -s libs  "SHELL=CMD" "COMPILER=arm-none-eabi-gcc" "ARCHIVER=arm-none-eabi-ar" "COMPILER_FLAGS=  -O2 -c" "EXTRA_COMPILER_FLAGS=-mcpu=cortex-a9 -mfpu=vfpv3 -mfloat-abi=hard -nostartfiles -Wall -Wextra"
"Compiling writeBinary"
"Running Make libs in ps7_cortexa9_0/libsrc/xadcps_v2_2/src"
make -C ps7_cortexa9_0/libsrc/xadcps_v2_2/src -s libs  "SHELL=CMD" "COMPILER=arm-none-eabi-gcc" "ARCHIVER=arm-none-eabi-ar" "COMPILER_FLAGS=  -O2 -c" "EXTRA_COMPILER_FLAGS=-mcpu=cortex-a9 -mfpu=vfpv3 -mfloat-abi=hard -nostartfiles -Wall -Wextra"
"Compiling xadcps"
'Finished building libraries'
18:05:14 **** Build of configuration Debug for project lzw_acc_1 ****
make pre-build main-build 
a9-linaro-pre-build-step
' '
'Building file: ../src/helloworld.c'
'Invoking: ARM v7 gcc compiler'
arm-none-eabi-gcc -Wall -O0 -g3 -c -fmessage-length=0 -MT"src/helloworld.o" -mcpu=cortex-a9 -mfpu=vfpv3 -mfloat-abi=hard -I../../lzw_acc_1_bsp/ps7_cortexa9_0/include -MMD -MP -MF"src/helloworld.d" -MT"src/helloworld.o" -o "src/helloworld.o" "../src/helloworld.c"
'Finished building: ../src/helloworld.c'
' '
'Building file: ../src/platform.c'
'Invoking: ARM v7 gcc compiler'
arm-none-eabi-gcc -Wall -O0 -g3 -c -fmessage-length=0 -MT"src/platform.o" -mcpu=cortex-a9 -mfpu=vfpv3 -mfloat-abi=hard -I../../lzw_acc_1_bsp/ps7_cortexa9_0/include -MMD -MP -MF"src/platform.d" -MT"src/platform.o" -o "src/platform.o" "../src/platform.c"
'Finished building: ../src/platform.c'
' '
'Building target: lzw_acc_1.elf'
'Invoking: ARM v7 gcc linker'
arm-none-eabi-gcc -mcpu=cortex-a9 -mfpu=vfpv3 -mfloat-abi=hard -Wl,-build-id=none -specs=Xilinx.spec -Wl,-T -Wl,../src/lscript.ld -L../../lzw_acc_1_bsp/ps7_cortexa9_0/lib -o "lzw_acc_1.elf"  ./src/helloworld.o ./src/platform.o   -Wl,--start-group,-lxil,-lgcc,-lc,--end-group
'Finished building target: lzw_acc_1.elf'
' '
'Invoking: ARM v7 Print Size'
arm-none-eabi-size lzw_acc_1.elf  |tee "lzw_acc_1.elf.size"
   text	   data	    bss	    dec	    hex	filename
  19384	   1148	  22568	  43100	   a85c	lzw_acc_1.elf
'Finished building: lzw_acc_1.elf.size'
' '
16:48:03 **** Clean-only build of configuration Debug for project lzw_acc_1 ****
make clean 
rm -rf  ./src/helloworld.o ./src/platform.o  ./src/helloworld.d ./src/platform.d  lzw_acc_1.elf.size  lzw_acc_1.elf
' '
16:48:04 **** Auto Build of configuration Debug for project lzw_acc_1 ****
make pre-build main-build 
a9-linaro-pre-build-step
' '
'Building file: ../src/helloworld.c'
'Invoking: ARM v7 gcc compiler'
arm-none-eabi-gcc -Wall -O0 -g3 -c -fmessage-length=0 -MT"src/helloworld.o" -mcpu=cortex-a9 -mfpu=vfpv3 -mfloat-abi=hard -I../../lzw_acc_1_bsp/ps7_cortexa9_0/include -MMD -MP -MF"src/helloworld.d" -MT"src/helloworld.o" -o "src/helloworld.o" "../src/helloworld.c"
../src/helloworld.c: In function 'main':
../src/helloworld.c:215:5: warning: statement with no effect [-Wunused-value]
     for(j;j<20;j++){
     ^~~
../src/helloworld.c:200:12: warning: variable 'cpu_time_used' set but not used [-Wunused-but-set-variable]
     double cpu_time_used;
            ^~~~~~~~~~~~~
'Finished building: ../src/helloworld.c'
' '
'Building file: ../src/platform.c'
'Invoking: ARM v7 gcc compiler'
arm-none-eabi-gcc -Wall -O0 -g3 -c -fmessage-length=0 -MT"src/platform.o" -mcpu=cortex-a9 -mfpu=vfpv3 -mfloat-abi=hard -I../../lzw_acc_1_bsp/ps7_cortexa9_0/include -MMD -MP -MF"src/platform.d" -MT"src/platform.o" -o "src/platform.o" "../src/platform.c"
'Finished building: ../src/platform.c'
' '
'Building target: lzw_acc_1.elf'
'Invoking: ARM v7 gcc linker'
arm-none-eabi-gcc -mcpu=cortex-a9 -mfpu=vfpv3 -mfloat-abi=hard -Wl,-build-id=none -specs=Xilinx.spec -Wl,-T -Wl,../src/lscript.ld -L../../lzw_acc_1_bsp/ps7_cortexa9_0/lib -o "lzw_acc_1.elf"  ./src/helloworld.o ./src/platform.o   -Wl,--start-group,-lxil,-lgcc,-lc,--end-group
./src/helloworld.o: In function `compress':
C:\EEM464\labs\lzw_acc_1\lzw_acc_1.sdk\lzw_acc_1\Debug/../src/helloworld.c:176: undefined reference to `writeBinary'
C:\EEM464\labs\lzw_acc_1\lzw_acc_1.sdk\lzw_acc_1\Debug/../src/helloworld.c:186: undefined reference to `writeBinary'
c:/xilinx/sdk/2017.4/gnu/aarch32/nt/gcc-arm-none-eabi/bin/../arm-none-eabi/libc/usr/lib/v7-a/fpv3/hard\libc.a(lib_a-timesr.o): In function `_times_r':
timesr.c:(.text+0x4): undefined reference to `_times'
collect2.exe: error: ld returned 1 exit status
make: *** [lzw_acc_1.elf] Hata 1
16:48:07 **** Incremental Build of configuration Debug for project lzw_acc_1 ****
make pre-build main-build 
a9-linaro-pre-build-step
' '
'Building target: lzw_acc_1.elf'
'Invoking: ARM v7 gcc linker'
arm-none-eabi-gcc -mcpu=cortex-a9 -mfpu=vfpv3 -mfloat-abi=hard -Wl,-build-id=none -specs=Xilinx.spec -Wl,-T -Wl,../src/lscript.ld -L../../lzw_acc_1_bsp/ps7_cortexa9_0/lib -o "lzw_acc_1.elf"  ./src/helloworld.o ./src/platform.o   -Wl,--start-group,-lxil,-lgcc,-lc,--end-group
./src/helloworld.o: In function `compress':
C:\EEM464\labs\lzw_acc_1\lzw_acc_1.sdk\lzw_acc_1\Debug/../src/helloworld.c:176: undefined reference to `writeBinary'
C:\EEM464\labs\lzw_acc_1\lzw_acc_1.sdk\lzw_acc_1\Debug/../src/helloworld.c:186: undefined reference to `writeBinary'
c:/xilinx/sdk/2017.4/gnu/aarch32/nt/gcc-arm-none-eabi/bin/../arm-none-eabi/libc/usr/lib/v7-a/fpv3/hard\libc.a(lib_a-timesr.o): In function `_times_r':
timesr.c:(.text+0x4): undefined reference to `_times'
collect2.exe: error: ld returned 1 exit status
make: *** [lzw_acc_1.elf] Hata 1
16:53:55 **** Auto Build of configuration Debug for project lzw_acc_1 ****
make pre-build main-build 
a9-linaro-pre-build-step
' '
'Building file: ../src/helloworld.c'
'Invoking: ARM v7 gcc compiler'
arm-none-eabi-gcc -Wall -O0 -g3 -c -fmessage-length=0 -MT"src/helloworld.o" -mcpu=cortex-a9 -mfpu=vfpv3 -mfloat-abi=hard -I../../lzw_acc_1_bsp/ps7_cortexa9_0/include -MMD -MP -MF"src/helloworld.d" -MT"src/helloworld.o" -o "src/helloworld.o" "../src/helloworld.c"
../src/helloworld.c:56:1: error: unknown type name 'XWritebinary'
 XWritebinary WRInst;
 ^~~~~~~~~~~~
../src/helloworld.c: In function 'compress':
../src/helloworld.c:163:5: warning: implicit declaration of function 'XWritebinary_Initialize' [-Wimplicit-function-declaration]
     XWritebinary_Initialize(XWritebinary *InstancePtr, u16 DeviceId);
     ^~~~~~~~~~~~~~~~~~~~~~~
../src/helloworld.c:163:29: error: 'XWritebinary' undeclared (first use in this function)
     XWritebinary_Initialize(XWritebinary *InstancePtr, u16 DeviceId);
                             ^~~~~~~~~~~~
../src/helloworld.c:163:29: note: each undeclared identifier is reported only once for each function it appears in
../src/helloworld.c:163:43: error: 'InstancePtr' undeclared (first use in this function)
     XWritebinary_Initialize(XWritebinary *InstancePtr, u16 DeviceId);
                                           ^~~~~~~~~~~
../src/helloworld.c:163:56: error: expected expression before 'u16'
     XWritebinary_Initialize(XWritebinary *InstancePtr, u16 DeviceId);
                                                        ^~~
../src/helloworld.c: In function 'main':
../src/helloworld.c:215:5: warning: statement with no effect [-Wunused-value]
     for(j;j<20;j++){
     ^~~
../src/helloworld.c:200:12: warning: variable 'cpu_time_used' set but not used [-Wunused-but-set-variable]
     double cpu_time_used;
            ^~~~~~~~~~~~~
make: *** [src/helloworld.o] Hata 1
16:54:42 **** Auto Build of configuration Debug for project lzw_acc_1 ****
make pre-build main-build 
a9-linaro-pre-build-step
' '
'Building file: ../src/helloworld.c'
'Invoking: ARM v7 gcc compiler'
arm-none-eabi-gcc -Wall -O0 -g3 -c -fmessage-length=0 -MT"src/helloworld.o" -mcpu=cortex-a9 -mfpu=vfpv3 -mfloat-abi=hard -I../../lzw_acc_1_bsp/ps7_cortexa9_0/include -MMD -MP -MF"src/helloworld.d" -MT"src/helloworld.o" -o "src/helloworld.o" "../src/helloworld.c"
../src/helloworld.c:56:1: error: unknown type name 'XWritebinary'
 XWritebinary WR;
 ^~~~~~~~~~~~
../src/helloworld.c: In function 'compress':
../src/helloworld.c:163:5: warning: implicit declaration of function 'XWritebinary_Initialize' [-Wimplicit-function-declaration]
     XWritebinary_Initialize(XWritebinary *InstancePtr, u16 DeviceId);
     ^~~~~~~~~~~~~~~~~~~~~~~
../src/helloworld.c:163:29: error: 'XWritebinary' undeclared (first use in this function)
     XWritebinary_Initialize(XWritebinary *InstancePtr, u16 DeviceId);
                             ^~~~~~~~~~~~
../src/helloworld.c:163:29: note: each undeclared identifier is reported only once for each function it appears in
../src/helloworld.c:163:43: error: 'InstancePtr' undeclared (first use in this function)
     XWritebinary_Initialize(XWritebinary *InstancePtr, u16 DeviceId);
                                           ^~~~~~~~~~~
../src/helloworld.c:163:56: error: expected expression before 'u16'
     XWritebinary_Initialize(XWritebinary *InstancePtr, u16 DeviceId);
                                                        ^~~
../src/helloworld.c: In function 'main':
../src/helloworld.c:215:5: warning: statement with no effect [-Wunused-value]
     for(j;j<20;j++){
     ^~~
../src/helloworld.c:200:12: warning: variable 'cpu_time_used' set but not used [-Wunused-but-set-variable]
     double cpu_time_used;
            ^~~~~~~~~~~~~
make: *** [src/helloworld.o] Hata 1
16:55:12 **** Auto Build of configuration Debug for project lzw_acc_1 ****
make pre-build main-build 
a9-linaro-pre-build-step
' '
'Building file: ../src/helloworld.c'
'Invoking: ARM v7 gcc compiler'
arm-none-eabi-gcc -Wall -O0 -g3 -c -fmessage-length=0 -MT"src/helloworld.o" -mcpu=cortex-a9 -mfpu=vfpv3 -mfloat-abi=hard -I../../lzw_acc_1_bsp/ps7_cortexa9_0/include -MMD -MP -MF"src/helloworld.d" -MT"src/helloworld.o" -o "src/helloworld.o" "../src/helloworld.c"
../src/helloworld.c: In function 'compress':
../src/helloworld.c:164:29: error: expected expression before 'XWritebinary'
     XWritebinary_Initialize(XWritebinary *InstancePtr, u16 DeviceId);
                             ^~~~~~~~~~~~
../src/helloworld.c:164:5: error: too few arguments to function 'XWritebinary_Initialize'
     XWritebinary_Initialize(XWritebinary *InstancePtr, u16 DeviceId);
     ^~~~~~~~~~~~~~~~~~~~~~~
In file included from ../src/helloworld.c:54:0:
../../lzw_acc_1_bsp/ps7_cortexa9_0/include/xwritebinary.h:75:5: note: declared here
 int XWritebinary_Initialize(XWritebinary *InstancePtr, u16 DeviceId);
     ^~~~~~~~~~~~~~~~~~~~~~~
../src/helloworld.c: In function 'main':
../src/helloworld.c:216:5: warning: statement with no effect [-Wunused-value]
     for(j;j<20;j++){
     ^~~
../src/helloworld.c:201:12: warning: variable 'cpu_time_used' set but not used [-Wunused-but-set-variable]
     double cpu_time_used;
            ^~~~~~~~~~~~~
make: *** [src/helloworld.o] Hata 1
16:57:35 **** Auto Build of configuration Debug for project lzw_acc_1 ****
make pre-build main-build 
a9-linaro-pre-build-step
' '
'Building file: ../src/helloworld.c'
'Invoking: ARM v7 gcc compiler'
arm-none-eabi-gcc -Wall -O0 -g3 -c -fmessage-length=0 -MT"src/helloworld.o" -mcpu=cortex-a9 -mfpu=vfpv3 -mfloat-abi=hard -I../../lzw_acc_1_bsp/ps7_cortexa9_0/include -MMD -MP -MF"src/helloworld.d" -MT"src/helloworld.o" -o "src/helloworld.o" "../src/helloworld.c"
../src/helloworld.c: In function 'compress':
../src/helloworld.c:166:39: error: 'WBInst' undeclared (first use in this function)
     status = XWritebinary_Initialize(&WBInst, u16 DeviceId);
                                       ^~~~~~
../src/helloworld.c:166:39: note: each undeclared identifier is reported only once for each function it appears in
../src/helloworld.c:166:47: error: expected expression before 'u16'
     status = XWritebinary_Initialize(&WBInst, u16 DeviceId);
                                               ^~~
../src/helloworld.c:165:9: warning: variable 'status' set but not used [-Wunused-but-set-variable]
     int status;
         ^~~~~~
../src/helloworld.c: In function 'main':
../src/helloworld.c:218:5: warning: statement with no effect [-Wunused-value]
     for(j;j<20;j++){
     ^~~
../src/helloworld.c:203:12: warning: variable 'cpu_time_used' set but not used [-Wunused-but-set-variable]
     double cpu_time_used;
            ^~~~~~~~~~~~~
make: *** [src/helloworld.o] Hata 1
16:57:59 **** Auto Build of configuration Debug for project lzw_acc_1 ****
make pre-build main-build 
a9-linaro-pre-build-step
' '
'Building file: ../src/helloworld.c'
'Invoking: ARM v7 gcc compiler'
arm-none-eabi-gcc -Wall -O0 -g3 -c -fmessage-length=0 -MT"src/helloworld.o" -mcpu=cortex-a9 -mfpu=vfpv3 -mfloat-abi=hard -I../../lzw_acc_1_bsp/ps7_cortexa9_0/include -MMD -MP -MF"src/helloworld.d" -MT"src/helloworld.o" -o "src/helloworld.o" "../src/helloworld.c"
../src/helloworld.c: In function 'compress':
../src/helloworld.c:166:47: error: expected expression before 'u16'
     status = XWritebinary_Initialize(&WBInst, u16 DeviceId);
                                               ^~~
../src/helloworld.c:165:9: warning: variable 'status' set but not used [-Wunused-but-set-variable]
     int status;
         ^~~~~~
../src/helloworld.c: In function 'main':
../src/helloworld.c:218:5: warning: statement with no effect [-Wunused-value]
     for(j;j<20;j++){
     ^~~
../src/helloworld.c:203:12: warning: variable 'cpu_time_used' set but not used [-Wunused-but-set-variable]
     double cpu_time_used;
            ^~~~~~~~~~~~~
make: *** [src/helloworld.o] Hata 1
18:25:44 **** Auto Build of configuration Debug for project lzw_acc_1 ****
make pre-build main-build 
a9-linaro-pre-build-step
' '
'Building file: ../src/helloworld.c'
'Invoking: ARM v7 gcc compiler'
arm-none-eabi-gcc -Wall -O0 -g3 -c -fmessage-length=0 -MT"src/helloworld.o" -mcpu=cortex-a9 -mfpu=vfpv3 -mfloat-abi=hard -I../../lzw_acc_1_bsp/ps7_cortexa9_0/include -MMD -MP -MF"src/helloworld.d" -MT"src/helloworld.o" -o "src/helloworld.o" "../src/helloworld.c"
../src/helloworld.c: In function 'compress':
../src/helloworld.c:166:47: error: expected expression before ')' token
     status = XWritebinary_Initialize(&WBInst, );
                                               ^
../src/helloworld.c:165:9: warning: variable 'status' set but not used [-Wunused-but-set-variable]
     int status;
         ^~~~~~
../src/helloworld.c: In function 'main':
../src/helloworld.c:218:5: warning: statement with no effect [-Wunused-value]
     for(j;j<20;j++){
     ^~~
../src/helloworld.c:203:12: warning: variable 'cpu_time_used' set but not used [-Wunused-but-set-variable]
     double cpu_time_used;
            ^~~~~~~~~~~~~
make: *** [src/helloworld.o] Hata 1
16:19:23 **** Build of project lzw_acc_1_bsp ****
make -k all 
"Running Make include in ps7_cortexa9_0/libsrc/coresightps_dcc_v1_4/src"
make -C ps7_cortexa9_0/libsrc/coresightps_dcc_v1_4/src -s include  "SHELL=CMD" "COMPILER=arm-none-eabi-gcc" "ARCHIVER=arm-none-eabi-ar" "COMPILER_FLAGS=  -O2 -c" "EXTRA_COMPILER_FLAGS=-mcpu=cortex-a9 -mfpu=vfpv3 -mfloat-abi=hard -nostartfiles -Wall -Wextra"
"Running Make include in ps7_cortexa9_0/libsrc/cpu_cortexa9_v2_5/src"
make -C ps7_cortexa9_0/libsrc/cpu_cortexa9_v2_5/src -s include  "SHELL=CMD" "COMPILER=arm-none-eabi-gcc" "ARCHIVER=arm-none-eabi-ar" "COMPILER_FLAGS=  -O2 -c" "EXTRA_COMPILER_FLAGS=-mcpu=cortex-a9 -mfpu=vfpv3 -mfloat-abi=hard -nostartfiles -Wall -Wextra"
"Running Make include in ps7_cortexa9_0/libsrc/ddrps_v1_0/src"
make -C ps7_cortexa9_0/libsrc/ddrps_v1_0/src -s include  "SHELL=CMD" "COMPILER=arm-none-eabi-gcc" "ARCHIVER=arm-none-eabi-ar" "COMPILER_FLAGS=  -O2 -c" "EXTRA_COMPILER_FLAGS=-mcpu=cortex-a9 -mfpu=vfpv3 -mfloat-abi=hard -nostartfiles -Wall -Wextra"
"Running Make include in ps7_cortexa9_0/libsrc/devcfg_v3_5/src"
make -C ps7_cortexa9_0/libsrc/devcfg_v3_5/src -s include  "SHELL=CMD" "COMPILER=arm-none-eabi-gcc" "ARCHIVER=arm-none-eabi-ar" "COMPILER_FLAGS=  -O2 -c" "EXTRA_COMPILER_FLAGS=-mcpu=cortex-a9 -mfpu=vfpv3 -mfloat-abi=hard -nostartfiles -Wall -Wextra"
"Running Make include in ps7_cortexa9_0/libsrc/dmaps_v2_3/src"
make -C ps7_cortexa9_0/libsrc/dmaps_v2_3/src -s include  "SHELL=CMD" "COMPILER=arm-none-eabi-gcc" "ARCHIVER=arm-none-eabi-ar" "COMPILER_FLAGS=  -O2 -c" "EXTRA_COMPILER_FLAGS=-mcpu=cortex-a9 -mfpu=vfpv3 -mfloat-abi=hard -nostartfiles -Wall -Wextra"
"Running Make include in ps7_cortexa9_0/libsrc/emacps_v3_6/src"
make -C ps7_cortexa9_0/libsrc/emacps_v3_6/src -s include  "SHELL=CMD" "COMPILER=arm-none-eabi-gcc" "ARCHIVER=arm-none-eabi-ar" "COMPILER_FLAGS=  -O2 -c" "EXTRA_COMPILER_FLAGS=-mcpu=cortex-a9 -mfpu=vfpv3 -mfloat-abi=hard -nostartfiles -Wall -Wextra"
"Running Make include in ps7_cortexa9_0/libsrc/gpiops_v3_3/src"
make -C ps7_cortexa9_0/libsrc/gpiops_v3_3/src -s include  "SHELL=CMD" "COMPILER=arm-none-eabi-gcc" "ARCHIVER=arm-none-eabi-ar" "COMPILER_FLAGS=  -O2 -c" "EXTRA_COMPILER_FLAGS=-mcpu=cortex-a9 -mfpu=vfpv3 -mfloat-abi=hard -nostartfiles -Wall -Wextra"
"Running Make include in ps7_cortexa9_0/libsrc/qspips_v3_4/src"
make -C ps7_cortexa9_0/libsrc/qspips_v3_4/src -s include  "SHELL=CMD" "COMPILER=arm-none-eabi-gcc" "ARCHIVER=arm-none-eabi-ar" "COMPILER_FLAGS=  -O2 -c" "EXTRA_COMPILER_FLAGS=-mcpu=cortex-a9 -mfpu=vfpv3 -mfloat-abi=hard -nostartfiles -Wall -Wextra"
"Running Make include in ps7_cortexa9_0/libsrc/scugic_v3_8/src"
make -C ps7_cortexa9_0/libsrc/scugic_v3_8/src -s include  "SHELL=CMD" "COMPILER=arm-none-eabi-gcc" "ARCHIVER=arm-none-eabi-ar" "COMPILER_FLAGS=  -O2 -c" "EXTRA_COMPILER_FLAGS=-mcpu=cortex-a9 -mfpu=vfpv3 -mfloat-abi=hard -nostartfiles -Wall -Wextra"
"Running Make include in ps7_cortexa9_0/libsrc/scutimer_v2_1/src"
make -C ps7_cortexa9_0/libsrc/scutimer_v2_1/src -s include  "SHELL=CMD" "COMPILER=arm-none-eabi-gcc" "ARCHIVER=arm-none-eabi-ar" "COMPILER_FLAGS=  -O2 -c" "EXTRA_COMPILER_FLAGS=-mcpu=cortex-a9 -mfpu=vfpv3 -mfloat-abi=hard -nostartfiles -Wall -Wextra"
"Running Make include in ps7_cortexa9_0/libsrc/scuwdt_v2_1/src"
make -C ps7_cortexa9_0/libsrc/scuwdt_v2_1/src -s include  "SHELL=CMD" "COMPILER=arm-none-eabi-gcc" "ARCHIVER=arm-none-eabi-ar" "COMPILER_FLAGS=  -O2 -c" "EXTRA_COMPILER_FLAGS=-mcpu=cortex-a9 -mfpu=vfpv3 -mfloat-abi=hard -nostartfiles -Wall -Wextra"
"Running Make include in ps7_cortexa9_0/libsrc/sdps_v3_3/src"
make -C ps7_cortexa9_0/libsrc/sdps_v3_3/src -s include  "SHELL=CMD" "COMPILER=arm-none-eabi-gcc" "ARCHIVER=arm-none-eabi-ar" "COMPILER_FLAGS=  -O2 -c" "EXTRA_COMPILER_FLAGS=-mcpu=cortex-a9 -mfpu=vfpv3 -mfloat-abi=hard -nostartfiles -Wall -Wextra"
"Running Make include in ps7_cortexa9_0/libsrc/standalone_v6_5/src"
make -C ps7_cortexa9_0/libsrc/standalone_v6_5/src -s include  "SHELL=CMD" "COMPILER=arm-none-eabi-gcc" "ARCHIVER=arm-none-eabi-ar" "COMPILER_FLAGS=  -O2 -c" "EXTRA_COMPILER_FLAGS=-mcpu=cortex-a9 -mfpu=vfpv3 -mfloat-abi=hard -nostartfiles -Wall -Wextra"
"Running Make include in ps7_cortexa9_0/libsrc/ttcps_v3_5/src"
make -C ps7_cortexa9_0/libsrc/ttcps_v3_5/src -s include  "SHELL=CMD" "COMPILER=arm-none-eabi-gcc" "ARCHIVER=arm-none-eabi-ar" "COMPILER_FLAGS=  -O2 -c" "EXTRA_COMPILER_FLAGS=-mcpu=cortex-a9 -mfpu=vfpv3 -mfloat-abi=hard -nostartfiles -Wall -Wextra"
"Running Make include in ps7_cortexa9_0/libsrc/uartps_v3_5/src"
make -C ps7_cortexa9_0/libsrc/uartps_v3_5/src -s include  "SHELL=CMD" "COMPILER=arm-none-eabi-gcc" "ARCHIVER=arm-none-eabi-ar" "COMPILER_FLAGS=  -O2 -c" "EXTRA_COMPILER_FLAGS=-mcpu=cortex-a9 -mfpu=vfpv3 -mfloat-abi=hard -nostartfiles -Wall -Wextra"
"Running Make include in ps7_cortexa9_0/libsrc/usbps_v2_4/src"
make -C ps7_cortexa9_0/libsrc/usbps_v2_4/src -s include  "SHELL=CMD" "COMPILER=arm-none-eabi-gcc" "ARCHIVER=arm-none-eabi-ar" "COMPILER_FLAGS=  -O2 -c" "EXTRA_COMPILER_FLAGS=-mcpu=cortex-a9 -mfpu=vfpv3 -mfloat-abi=hard -nostartfiles -Wall -Wextra"
"Running Make include in ps7_cortexa9_0/libsrc/writeBinary_v1_0/src"
make -C ps7_cortexa9_0/libsrc/writeBinary_v1_0/src -s include  "SHELL=CMD" "COMPILER=arm-none-eabi-gcc" "ARCHIVER=arm-none-eabi-ar" "COMPILER_FLAGS=  -O2 -c" "EXTRA_COMPILER_FLAGS=-mcpu=cortex-a9 -mfpu=vfpv3 -mfloat-abi=hard -nostartfiles -Wall -Wextra"
"Running Make include in ps7_cortexa9_0/libsrc/xadcps_v2_2/src"
make -C ps7_cortexa9_0/libsrc/xadcps_v2_2/src -s include  "SHELL=CMD" "COMPILER=arm-none-eabi-gcc" "ARCHIVER=arm-none-eabi-ar" "COMPILER_FLAGS=  -O2 -c" "EXTRA_COMPILER_FLAGS=-mcpu=cortex-a9 -mfpu=vfpv3 -mfloat-abi=hard -nostartfiles -Wall -Wextra"
"Running Make libs in ps7_cortexa9_0/libsrc/coresightps_dcc_v1_4/src"
make -C ps7_cortexa9_0/libsrc/coresightps_dcc_v1_4/src -s libs  "SHELL=CMD" "COMPILER=arm-none-eabi-gcc" "ARCHIVER=arm-none-eabi-ar" "COMPILER_FLAGS=  -O2 -c" "EXTRA_COMPILER_FLAGS=-mcpu=cortex-a9 -mfpu=vfpv3 -mfloat-abi=hard -nostartfiles -Wall -Wextra"
"Compiling coresightps_dcc"
"Running Make libs in ps7_cortexa9_0/libsrc/cpu_cortexa9_v2_5/src"
make -C ps7_cortexa9_0/libsrc/cpu_cortexa9_v2_5/src -s libs  "SHELL=CMD" "COMPILER=arm-none-eabi-gcc" "ARCHIVER=arm-none-eabi-ar" "COMPILER_FLAGS=  -O2 -c" "EXTRA_COMPILER_FLAGS=-mcpu=cortex-a9 -mfpu=vfpv3 -mfloat-abi=hard -nostartfiles -Wall -Wextra"
"Compiling cpu_cortexa9"
"Running Make libs in ps7_cortexa9_0/libsrc/ddrps_v1_0/src"
make -C ps7_cortexa9_0/libsrc/ddrps_v1_0/src -s libs  "SHELL=CMD" "COMPILER=arm-none-eabi-gcc" "ARCHIVER=arm-none-eabi-ar" "COMPILER_FLAGS=  -O2 -c" "EXTRA_COMPILER_FLAGS=-mcpu=cortex-a9 -mfpu=vfpv3 -mfloat-abi=hard -nostartfiles -Wall -Wextra"
"Compiling ddrps"
"Running Make libs in ps7_cortexa9_0/libsrc/devcfg_v3_5/src"
make -C ps7_cortexa9_0/libsrc/devcfg_v3_5/src -s libs  "SHELL=CMD" "COMPILER=arm-none-eabi-gcc" "ARCHIVER=arm-none-eabi-ar" "COMPILER_FLAGS=  -O2 -c" "EXTRA_COMPILER_FLAGS=-mcpu=cortex-a9 -mfpu=vfpv3 -mfloat-abi=hard -nostartfiles -Wall -Wextra"
"Compiling devcfg"
"Running Make libs in ps7_cortexa9_0/libsrc/dmaps_v2_3/src"
make -C ps7_cortexa9_0/libsrc/dmaps_v2_3/src -s libs  "SHELL=CMD" "COMPILER=arm-none-eabi-gcc" "ARCHIVER=arm-none-eabi-ar" "COMPILER_FLAGS=  -O2 -c" "EXTRA_COMPILER_FLAGS=-mcpu=cortex-a9 -mfpu=vfpv3 -mfloat-abi=hard -nostartfiles -Wall -Wextra"
"Compiling dmaps"
"Running Make libs in ps7_cortexa9_0/libsrc/emacps_v3_6/src"
make -C ps7_cortexa9_0/libsrc/emacps_v3_6/src -s libs  "SHELL=CMD" "COMPILER=arm-none-eabi-gcc" "ARCHIVER=arm-none-eabi-ar" "COMPILER_FLAGS=  -O2 -c" "EXTRA_COMPILER_FLAGS=-mcpu=cortex-a9 -mfpu=vfpv3 -mfloat-abi=hard -nostartfiles -Wall -Wextra"
"Compiling emacps"
"Running Make libs in ps7_cortexa9_0/libsrc/gpiops_v3_3/src"
make -C ps7_cortexa9_0/libsrc/gpiops_v3_3/src -s libs  "SHELL=CMD" "COMPILER=arm-none-eabi-gcc" "ARCHIVER=arm-none-eabi-ar" "COMPILER_FLAGS=  -O2 -c" "EXTRA_COMPILER_FLAGS=-mcpu=cortex-a9 -mfpu=vfpv3 -mfloat-abi=hard -nostartfiles -Wall -Wextra"
"Compiling gpiops"
"Running Make libs in ps7_cortexa9_0/libsrc/qspips_v3_4/src"
make -C ps7_cortexa9_0/libsrc/qspips_v3_4/src -s libs  "SHELL=CMD" "COMPILER=arm-none-eabi-gcc" "ARCHIVER=arm-none-eabi-ar" "COMPILER_FLAGS=  -O2 -c" "EXTRA_COMPILER_FLAGS=-mcpu=cortex-a9 -mfpu=vfpv3 -mfloat-abi=hard -nostartfiles -Wall -Wextra"
"Compiling qspips"
"Running Make libs in ps7_cortexa9_0/libsrc/scugic_v3_8/src"
make -C ps7_cortexa9_0/libsrc/scugic_v3_8/src -s libs  "SHELL=CMD" "COMPILER=arm-none-eabi-gcc" "ARCHIVER=arm-none-eabi-ar" "COMPILER_FLAGS=  -O2 -c" "EXTRA_COMPILER_FLAGS=-mcpu=cortex-a9 -mfpu=vfpv3 -mfloat-abi=hard -nostartfiles -Wall -Wextra"
"Compiling scugic"
"Running Make libs in ps7_cortexa9_0/libsrc/scutimer_v2_1/src"
make -C ps7_cortexa9_0/libsrc/scutimer_v2_1/src -s libs  "SHELL=CMD" "COMPILER=arm-none-eabi-gcc" "ARCHIVER=arm-none-eabi-ar" "COMPILER_FLAGS=  -O2 -c" "EXTRA_COMPILER_FLAGS=-mcpu=cortex-a9 -mfpu=vfpv3 -mfloat-abi=hard -nostartfiles -Wall -Wextra"
"Compiling scutimer"
"Running Make libs in ps7_cortexa9_0/libsrc/scuwdt_v2_1/src"
make -C ps7_cortexa9_0/libsrc/scuwdt_v2_1/src -s libs  "SHELL=CMD" "COMPILER=arm-none-eabi-gcc" "ARCHIVER=arm-none-eabi-ar" "COMPILER_FLAGS=  -O2 -c" "EXTRA_COMPILER_FLAGS=-mcpu=cortex-a9 -mfpu=vfpv3 -mfloat-abi=hard -nostartfiles -Wall -Wextra"
"Compiling scuwdt"
"Running Make libs in ps7_cortexa9_0/libsrc/sdps_v3_3/src"
make -C ps7_cortexa9_0/libsrc/sdps_v3_3/src -s libs  "SHELL=CMD" "COMPILER=arm-none-eabi-gcc" "ARCHIVER=arm-none-eabi-ar" "COMPILER_FLAGS=  -O2 -c" "EXTRA_COMPILER_FLAGS=-mcpu=cortex-a9 -mfpu=vfpv3 -mfloat-abi=hard -nostartfiles -Wall -Wextra"
"Compiling sdps"
"Running Make libs in ps7_cortexa9_0/libsrc/standalone_v6_5/src"
make -C ps7_cortexa9_0/libsrc/standalone_v6_5/src -s libs  "SHELL=CMD" "COMPILER=arm-none-eabi-gcc" "ARCHIVER=arm-none-eabi-ar" "COMPILER_FLAGS=  -O2 -c" "EXTRA_COMPILER_FLAGS=-mcpu=cortex-a9 -mfpu=vfpv3 -mfloat-abi=hard -nostartfiles -Wall -Wextra"
"Compiling standalone"
"Running Make libs in ps7_cortexa9_0/libsrc/ttcps_v3_5/src"
make -C ps7_cortexa9_0/libsrc/ttcps_v3_5/src -s libs  "SHELL=CMD" "COMPILER=arm-none-eabi-gcc" "ARCHIVER=arm-none-eabi-ar" "COMPILER_FLAGS=  -O2 -c" "EXTRA_COMPILER_FLAGS=-mcpu=cortex-a9 -mfpu=vfpv3 -mfloat-abi=hard -nostartfiles -Wall -Wextra"
"Compiling ttcps"
"Running Make libs in ps7_cortexa9_0/libsrc/uartps_v3_5/src"
make -C ps7_cortexa9_0/libsrc/uartps_v3_5/src -s libs  "SHELL=CMD" "COMPILER=arm-none-eabi-gcc" "ARCHIVER=arm-none-eabi-ar" "COMPILER_FLAGS=  -O2 -c" "EXTRA_COMPILER_FLAGS=-mcpu=cortex-a9 -mfpu=vfpv3 -mfloat-abi=hard -nostartfiles -Wall -Wextra"
"Compiling uartps"
"Running Make libs in ps7_cortexa9_0/libsrc/usbps_v2_4/src"
make -C ps7_cortexa9_0/libsrc/usbps_v2_4/src -s libs  "SHELL=CMD" "COMPILER=arm-none-eabi-gcc" "ARCHIVER=arm-none-eabi-ar" "COMPILER_FLAGS=  -O2 -c" "EXTRA_COMPILER_FLAGS=-mcpu=cortex-a9 -mfpu=vfpv3 -mfloat-abi=hard -nostartfiles -Wall -Wextra"
"Compiling usbps"
"Running Make libs in ps7_cortexa9_0/libsrc/writeBinary_v1_0/src"
make -C ps7_cortexa9_0/libsrc/writeBinary_v1_0/src -s libs  "SHELL=CMD" "COMPILER=arm-none-eabi-gcc" "ARCHIVER=arm-none-eabi-ar" "COMPILER_FLAGS=  -O2 -c" "EXTRA_COMPILER_FLAGS=-mcpu=cortex-a9 -mfpu=vfpv3 -mfloat-abi=hard -nostartfiles -Wall -Wextra"
"Compiling writeBinary"
"Running Make libs in ps7_cortexa9_0/libsrc/xadcps_v2_2/src"
make -C ps7_cortexa9_0/libsrc/xadcps_v2_2/src -s libs  "SHELL=CMD" "COMPILER=arm-none-eabi-gcc" "ARCHIVER=arm-none-eabi-ar" "COMPILER_FLAGS=  -O2 -c" "EXTRA_COMPILER_FLAGS=-mcpu=cortex-a9 -mfpu=vfpv3 -mfloat-abi=hard -nostartfiles -Wall -Wextra"
"Compiling xadcps"
'Finished building libraries'
16:19:54 **** Build of configuration Debug for project lzw_acc_1 ****
make pre-build main-build 
a9-linaro-pre-build-step
' '
'Building file: ../src/helloworld.c'
'Invoking: ARM v7 gcc compiler'
arm-none-eabi-gcc -Wall -O0 -g3 -c -fmessage-length=0 -MT"src/helloworld.o" -mcpu=cortex-a9 -mfpu=vfpv3 -mfloat-abi=hard -I../../lzw_acc_1_bsp/ps7_cortexa9_0/include -MMD -MP -MF"src/helloworld.d" -MT"src/helloworld.o" -o "src/helloworld.o" "../src/helloworld.c"
../src/helloworld.c: In function 'compress':
../src/helloworld.c:166:9: warning: variable 'status' set but not used [-Wunused-but-set-variable]
     int status;
         ^~~~~~
../src/helloworld.c: In function 'main':
../src/helloworld.c:219:5: warning: statement with no effect [-Wunused-value]
     for(j;j<20;j++){
     ^~~
../src/helloworld.c:204:12: warning: variable 'cpu_time_used' set but not used [-Wunused-but-set-variable]
     double cpu_time_used;
            ^~~~~~~~~~~~~
'Finished building: ../src/helloworld.c'
' '
'Building file: ../src/platform.c'
'Invoking: ARM v7 gcc compiler'
arm-none-eabi-gcc -Wall -O0 -g3 -c -fmessage-length=0 -MT"src/platform.o" -mcpu=cortex-a9 -mfpu=vfpv3 -mfloat-abi=hard -I../../lzw_acc_1_bsp/ps7_cortexa9_0/include -MMD -MP -MF"src/platform.d" -MT"src/platform.o" -o "src/platform.o" "../src/platform.c"
'Finished building: ../src/platform.c'
' '
'Building target: lzw_acc_1.elf'
'Invoking: ARM v7 gcc linker'
arm-none-eabi-gcc -mcpu=cortex-a9 -mfpu=vfpv3 -mfloat-abi=hard -Wl,-build-id=none -specs=Xilinx.spec -Wl,-T -Wl,../src/lscript.ld -L../../lzw_acc_1_bsp/ps7_cortexa9_0/lib -o "lzw_acc_1.elf"  ./src/helloworld.o ./src/platform.o   -Wl,--start-group,-lxil,-lgcc,-lc,--end-group
./src/helloworld.o: In function `compress':
C:\EEM464\labs\lzw_acc_1\lzw_acc_1.sdk\lzw_acc_1\Debug/../src/helloworld.c:180: undefined reference to `writeBinary'
C:\EEM464\labs\lzw_acc_1\lzw_acc_1.sdk\lzw_acc_1\Debug/../src/helloworld.c:190: undefined reference to `writeBinary'
c:/xilinx/sdk/2017.4/gnu/aarch32/nt/gcc-arm-none-eabi/bin/../arm-none-eabi/libc/usr/lib/v7-a/fpv3/hard\libc.a(lib_a-timesr.o): In function `_times_r':
timesr.c:(.text+0x4): undefined reference to `_times'
collect2.exe: error: ld returned 1 exit status
make: *** [lzw_acc_1.elf] Hata 1
16:23:43 **** Auto Build of configuration Debug for project lzw_acc_1 ****
make pre-build main-build 
a9-linaro-pre-build-step
' '
'Building file: ../src/helloworld.c'
'Invoking: ARM v7 gcc compiler'
arm-none-eabi-gcc -Wall -O0 -g3 -c -fmessage-length=0 -MT"src/helloworld.o" -mcpu=cortex-a9 -mfpu=vfpv3 -mfloat-abi=hard -I../../lzw_acc_1_bsp/ps7_cortexa9_0/include -MMD -MP -MF"src/helloworld.d" -MT"src/helloworld.o" -o "src/helloworld.o" "../src/helloworld.c"
../src/helloworld.c:3:1: warning: "/*" within comment [-Wcomment]
 /* Copyright (C) 2009 - 2014 Xilinx, Inc.  All rights reserved.
  
../src/helloworld.c: In function 'compress':
../src/helloworld.c:166:9: warning: variable 'status' set but not used [-Wunused-but-set-variable]
     int status;
         ^~~~~~
../src/helloworld.c: In function 'main':
../src/helloworld.c:219:5: warning: statement with no effect [-Wunused-value]
     for(j;j<20;j++){
     ^~~
../src/helloworld.c:204:12: warning: variable 'cpu_time_used' set but not used [-Wunused-but-set-variable]
     double cpu_time_used;
            ^~~~~~~~~~~~~
'Finished building: ../src/helloworld.c'
' '
'Building target: lzw_acc_1.elf'
'Invoking: ARM v7 gcc linker'
arm-none-eabi-gcc -mcpu=cortex-a9 -mfpu=vfpv3 -mfloat-abi=hard -Wl,-build-id=none -specs=Xilinx.spec -Wl,-T -Wl,../src/lscript.ld -L../../lzw_acc_1_bsp/ps7_cortexa9_0/lib -o "lzw_acc_1.elf"  ./src/helloworld.o ./src/platform.o   -Wl,--start-group,-lxil,-lgcc,-lc,--end-group
./src/helloworld.o: In function `compress':
C:\EEM464\labs\lzw_acc_1\lzw_acc_1.sdk\lzw_acc_1\Debug/../src/helloworld.c:180: undefined reference to `writeBinary'
C:\EEM464\labs\lzw_acc_1\lzw_acc_1.sdk\lzw_acc_1\Debug/../src/helloworld.c:190: undefined reference to `writeBinary'
c:/xilinx/sdk/2017.4/gnu/aarch32/nt/gcc-arm-none-eabi/bin/../arm-none-eabi/libc/usr/lib/v7-a/fpv3/hard\libc.a(lib_a-timesr.o): In function `_times_r':
timesr.c:(.text+0x4): undefined reference to `_times'
collect2.exe: error: ld returned 1 exit status
make: *** [lzw_acc_1.elf] Hata 1
16:38:54 **** Auto Build of configuration Debug for project lzw_acc_1 ****
make pre-build main-build 
a9-linaro-pre-build-step
' '
'Building file: ../src/helloworld.c'
'Invoking: ARM v7 gcc compiler'
arm-none-eabi-gcc -Wall -O0 -g3 -c -fmessage-length=0 -MT"src/helloworld.o" -mcpu=cortex-a9 -mfpu=vfpv3 -mfloat-abi=hard -I../../lzw_acc_1_bsp/ps7_cortexa9_0/include -MMD -MP -MF"src/helloworld.d" -MT"src/helloworld.o" -o "src/helloworld.o" "../src/helloworld.c"
../src/helloworld.c:3:1: warning: "/*" within comment [-Wcomment]
 /* Copyright (C) 2009 - 2014 Xilinx, Inc.  All rights reserved.
  
../src/helloworld.c: In function 'compress':
../src/helloworld.c:182:47: warning: passing argument 2 of 'XWritebinary_Set_leftover_i' makes integer from pointer without a cast [-Wint-conversion]
          XWritebinary_Set_leftover_i(&WBInst, &leftover);
                                               ^
In file included from ../src/helloworld.c:54:0:
../../lzw_acc_1_bsp/ps7_cortexa9_0/include/xwritebinary.h:92:6: note: expected 'u32 {aka long unsigned int}' but argument is of type 'int *'
 void XWritebinary_Set_leftover_i(XWritebinary *InstancePtr, u32 Data);
      ^~~~~~~~~~~~~~~~~~~~~~~~~~~
../src/helloworld.c:183:51: warning: passing argument 2 of 'XWritebinary_Set_leftoverBits_i' makes integer from pointer without a cast [-Wint-conversion]
          XWritebinary_Set_leftoverBits_i(&WBInst, &leftoverBits);
                                                   ^
In file included from ../src/helloworld.c:54:0:
../../lzw_acc_1_bsp/ps7_cortexa9_0/include/xwritebinary.h:96:6: note: expected 'u32 {aka long unsigned int}' but argument is of type 'int *'
 void XWritebinary_Set_leftoverBits_i(XWritebinary *InstancePtr, u32 Data);
      ^~~~~~~~~~~~~~~~~~~~~~~~~~~~~~~
../src/helloworld.c:184:44: warning: passing argument 2 of 'XWritebinary_Set_count_i' makes integer from pointer without a cast [-Wint-conversion]
          XWritebinary_Set_count_i(&WBInst, &count);
                                            ^
In file included from ../src/helloworld.c:54:0:
../../lzw_acc_1_bsp/ps7_cortexa9_0/include/xwritebinary.h:100:6: note: expected 'u32 {aka long unsigned int}' but argument is of type 'int *'
 void XWritebinary_Set_count_i(XWritebinary *InstancePtr, u32 Data);
      ^~~~~~~~~~~~~~~~~~~~~~~~
../src/helloworld.c:166:9: warning: variable 'status' set but not used [-Wunused-but-set-variable]
     int status;
         ^~~~~~
../src/helloworld.c: In function 'main':
../src/helloworld.c:223:5: warning: statement with no effect [-Wunused-value]
     for(j;j<20;j++){
     ^~~
../src/helloworld.c:208:12: warning: variable 'cpu_time_used' set but not used [-Wunused-but-set-variable]
     double cpu_time_used;
            ^~~~~~~~~~~~~
'Finished building: ../src/helloworld.c'
' '
'Building target: lzw_acc_1.elf'
'Invoking: ARM v7 gcc linker'
arm-none-eabi-gcc -mcpu=cortex-a9 -mfpu=vfpv3 -mfloat-abi=hard -Wl,-build-id=none -specs=Xilinx.spec -Wl,-T -Wl,../src/lscript.ld -L../../lzw_acc_1_bsp/ps7_cortexa9_0/lib -o "lzw_acc_1.elf"  ./src/helloworld.o ./src/platform.o   -Wl,--start-group,-lxil,-lgcc,-lc,--end-group
./src/helloworld.o: In function `compress':
C:\EEM464\labs\lzw_acc_1\lzw_acc_1.sdk\lzw_acc_1\Debug/../src/helloworld.c:194: undefined reference to `writeBinary'
c:/xilinx/sdk/2017.4/gnu/aarch32/nt/gcc-arm-none-eabi/bin/../arm-none-eabi/libc/usr/lib/v7-a/fpv3/hard\libc.a(lib_a-timesr.o): In function `_times_r':
timesr.c:(.text+0x4): undefined reference to `_times'
collect2.exe: error: ld returned 1 exit status
make: *** [lzw_acc_1.elf] Hata 1
16:39:23 **** Auto Build of configuration Debug for project lzw_acc_1 ****
make pre-build main-build 
a9-linaro-pre-build-step
' '
'Building file: ../src/helloworld.c'
'Invoking: ARM v7 gcc compiler'
arm-none-eabi-gcc -Wall -O0 -g3 -c -fmessage-length=0 -MT"src/helloworld.o" -mcpu=cortex-a9 -mfpu=vfpv3 -mfloat-abi=hard -I../../lzw_acc_1_bsp/ps7_cortexa9_0/include -MMD -MP -MF"src/helloworld.d" -MT"src/helloworld.o" -o "src/helloworld.o" "../src/helloworld.c"
../src/helloworld.c:3:1: warning: "/*" within comment [-Wcomment]
 /* Copyright (C) 2009 - 2014 Xilinx, Inc.  All rights reserved.
  
../src/helloworld.c: In function 'compress':
../src/helloworld.c:182:47: warning: passing argument 2 of 'XWritebinary_Set_leftover_i' makes integer from pointer without a cast [-Wint-conversion]
          XWritebinary_Set_leftover_i(&WBInst, &leftover);
                                               ^
In file included from ../src/helloworld.c:54:0:
../../lzw_acc_1_bsp/ps7_cortexa9_0/include/xwritebinary.h:92:6: note: expected 'u32 {aka long unsigned int}' but argument is of type 'int *'
 void XWritebinary_Set_leftover_i(XWritebinary *InstancePtr, u32 Data);
      ^~~~~~~~~~~~~~~~~~~~~~~~~~~
../src/helloworld.c:183:51: warning: passing argument 2 of 'XWritebinary_Set_leftoverBits_i' makes integer from pointer without a cast [-Wint-conversion]
          XWritebinary_Set_leftoverBits_i(&WBInst, &leftoverBits);
                                                   ^
In file included from ../src/helloworld.c:54:0:
../../lzw_acc_1_bsp/ps7_cortexa9_0/include/xwritebinary.h:96:6: note: expected 'u32 {aka long unsigned int}' but argument is of type 'int *'
 void XWritebinary_Set_leftoverBits_i(XWritebinary *InstancePtr, u32 Data);
      ^~~~~~~~~~~~~~~~~~~~~~~~~~~~~~~
../src/helloworld.c:184:44: warning: passing argument 2 of 'XWritebinary_Set_count_i' makes integer from pointer without a cast [-Wint-conversion]
          XWritebinary_Set_count_i(&WBInst, &count);
                                            ^
In file included from ../src/helloworld.c:54:0:
../../lzw_acc_1_bsp/ps7_cortexa9_0/include/xwritebinary.h:100:6: note: expected 'u32 {aka long unsigned int}' but argument is of type 'int *'
 void XWritebinary_Set_count_i(XWritebinary *InstancePtr, u32 Data);
      ^~~~~~~~~~~~~~~~~~~~~~~~
../src/helloworld.c:196:51: warning: passing argument 2 of 'XWritebinary_Set_leftover_i' makes integer from pointer without a cast [-Wint-conversion]
              XWritebinary_Set_leftover_i(&WBInst, &leftover);
                                                   ^
In file included from ../src/helloworld.c:54:0:
../../lzw_acc_1_bsp/ps7_cortexa9_0/include/xwritebinary.h:92:6: note: expected 'u32 {aka long unsigned int}' but argument is of type 'int *'
 void XWritebinary_Set_leftover_i(XWritebinary *InstancePtr, u32 Data);
      ^~~~~~~~~~~~~~~~~~~~~~~~~~~
../src/helloworld.c:197:55: warning: passing argument 2 of 'XWritebinary_Set_leftoverBits_i' makes integer from pointer without a cast [-Wint-conversion]
              XWritebinary_Set_leftoverBits_i(&WBInst, &leftoverBits);
                                                       ^
In file included from ../src/helloworld.c:54:0:
../../lzw_acc_1_bsp/ps7_cortexa9_0/include/xwritebinary.h:96:6: note: expected 'u32 {aka long unsigned int}' but argument is of type 'int *'
 void XWritebinary_Set_leftoverBits_i(XWritebinary *InstancePtr, u32 Data);
      ^~~~~~~~~~~~~~~~~~~~~~~~~~~~~~~
../src/helloworld.c:198:48: warning: passing argument 2 of 'XWritebinary_Set_count_i' makes integer from pointer without a cast [-Wint-conversion]
              XWritebinary_Set_count_i(&WBInst, &count);
                                                ^
In file included from ../src/helloworld.c:54:0:
../../lzw_acc_1_bsp/ps7_cortexa9_0/include/xwritebinary.h:100:6: note: expected 'u32 {aka long unsigned int}' but argument is of type 'int *'
 void XWritebinary_Set_count_i(XWritebinary *InstancePtr, u32 Data);
      ^~~~~~~~~~~~~~~~~~~~~~~~
../src/helloworld.c:166:9: warning: variable 'status' set but not used [-Wunused-but-set-variable]
     int status;
         ^~~~~~
../src/helloworld.c: In function 'main':
../src/helloworld.c:228:5: warning: statement with no effect [-Wunused-value]
     for(j;j<20;j++){
     ^~~
../src/helloworld.c:213:12: warning: variable 'cpu_time_used' set but not used [-Wunused-but-set-variable]
     double cpu_time_used;
            ^~~~~~~~~~~~~
'Finished building: ../src/helloworld.c'
' '
'Building target: lzw_acc_1.elf'
'Invoking: ARM v7 gcc linker'
arm-none-eabi-gcc -mcpu=cortex-a9 -mfpu=vfpv3 -mfloat-abi=hard -Wl,-build-id=none -specs=Xilinx.spec -Wl,-T -Wl,../src/lscript.ld -L../../lzw_acc_1_bsp/ps7_cortexa9_0/lib -o "lzw_acc_1.elf"  ./src/helloworld.o ./src/platform.o   -Wl,--start-group,-lxil,-lgcc,-lc,--end-group
c:/xilinx/sdk/2017.4/gnu/aarch32/nt/gcc-arm-none-eabi/bin/../arm-none-eabi/libc/usr/lib/v7-a/fpv3/hard\libc.a(lib_a-timesr.o): In function `_times_r':
timesr.c:(.text+0x4): undefined reference to `_times'
collect2.exe: error: ld returned 1 exit status
make: *** [lzw_acc_1.elf] Hata 1
16:39:35 **** Incremental Build of configuration Debug for project lzw_acc_1 ****
make pre-build main-build 
a9-linaro-pre-build-step
' '
'Building target: lzw_acc_1.elf'
'Invoking: ARM v7 gcc linker'
arm-none-eabi-gcc -mcpu=cortex-a9 -mfpu=vfpv3 -mfloat-abi=hard -Wl,-build-id=none -specs=Xilinx.spec -Wl,-T -Wl,../src/lscript.ld -L../../lzw_acc_1_bsp/ps7_cortexa9_0/lib -o "lzw_acc_1.elf"  ./src/helloworld.o ./src/platform.o   -Wl,--start-group,-lxil,-lgcc,-lc,--end-group
c:/xilinx/sdk/2017.4/gnu/aarch32/nt/gcc-arm-none-eabi/bin/../arm-none-eabi/libc/usr/lib/v7-a/fpv3/hard\libc.a(lib_a-timesr.o): In function `_times_r':
timesr.c:(.text+0x4): undefined reference to `_times'
collect2.exe: error: ld returned 1 exit status
make: *** [lzw_acc_1.elf] Hata 1
16:41:24 **** Auto Build of configuration Debug for project lzw_acc_1 ****
make pre-build main-build 
a9-linaro-pre-build-step
' '
'Building file: ../src/helloworld.c'
'Invoking: ARM v7 gcc compiler'
arm-none-eabi-gcc -Wall -O0 -g3 -c -fmessage-length=0 -MT"src/helloworld.o" -mcpu=cortex-a9 -mfpu=vfpv3 -mfloat-abi=hard -I../../lzw_acc_1_bsp/ps7_cortexa9_0/include -MMD -MP -MF"src/helloworld.d" -MT"src/helloworld.o" -o "src/helloworld.o" "../src/helloworld.c"
../src/helloworld.c: In function 'compress':
../src/helloworld.c:135:47: warning: passing argument 2 of 'XWritebinary_Set_leftover_i' makes integer from pointer without a cast [-Wint-conversion]
          XWritebinary_Set_leftover_i(&WBInst, &leftover);
                                               ^
In file included from ../src/helloworld.c:7:0:
../../lzw_acc_1_bsp/ps7_cortexa9_0/include/xwritebinary.h:92:6: note: expected 'u32 {aka long unsigned int}' but argument is of type 'int *'
 void XWritebinary_Set_leftover_i(XWritebinary *InstancePtr, u32 Data);
      ^~~~~~~~~~~~~~~~~~~~~~~~~~~
../src/helloworld.c:136:51: warning: passing argument 2 of 'XWritebinary_Set_leftoverBits_i' makes integer from pointer without a cast [-Wint-conversion]
          XWritebinary_Set_leftoverBits_i(&WBInst, &leftoverBits);
                                                   ^
In file included from ../src/helloworld.c:7:0:
../../lzw_acc_1_bsp/ps7_cortexa9_0/include/xwritebinary.h:96:6: note: expected 'u32 {aka long unsigned int}' but argument is of type 'int *'
 void XWritebinary_Set_leftoverBits_i(XWritebinary *InstancePtr, u32 Data);
      ^~~~~~~~~~~~~~~~~~~~~~~~~~~~~~~
../src/helloworld.c:137:44: warning: passing argument 2 of 'XWritebinary_Set_count_i' makes integer from pointer without a cast [-Wint-conversion]
          XWritebinary_Set_count_i(&WBInst, &count);
                                            ^
In file included from ../src/helloworld.c:7:0:
../../lzw_acc_1_bsp/ps7_cortexa9_0/include/xwritebinary.h:100:6: note: expected 'u32 {aka long unsigned int}' but argument is of type 'int *'
 void XWritebinary_Set_count_i(XWritebinary *InstancePtr, u32 Data);
      ^~~~~~~~~~~~~~~~~~~~~~~~
../src/helloworld.c:149:51: warning: passing argument 2 of 'XWritebinary_Set_leftover_i' makes integer from pointer without a cast [-Wint-conversion]
              XWritebinary_Set_leftover_i(&WBInst, &leftover);
                                                   ^
In file included from ../src/helloworld.c:7:0:
../../lzw_acc_1_bsp/ps7_cortexa9_0/include/xwritebinary.h:92:6: note: expected 'u32 {aka long unsigned int}' but argument is of type 'int *'
 void XWritebinary_Set_leftover_i(XWritebinary *InstancePtr, u32 Data);
      ^~~~~~~~~~~~~~~~~~~~~~~~~~~
../src/helloworld.c:150:55: warning: passing argument 2 of 'XWritebinary_Set_leftoverBits_i' makes integer from pointer without a cast [-Wint-conversion]
              XWritebinary_Set_leftoverBits_i(&WBInst, &leftoverBits);
                                                       ^
In file included from ../src/helloworld.c:7:0:
../../lzw_acc_1_bsp/ps7_cortexa9_0/include/xwritebinary.h:96:6: note: expected 'u32 {aka long unsigned int}' but argument is of type 'int *'
 void XWritebinary_Set_leftoverBits_i(XWritebinary *InstancePtr, u32 Data);
      ^~~~~~~~~~~~~~~~~~~~~~~~~~~~~~~
../src/helloworld.c:151:48: warning: passing argument 2 of 'XWritebinary_Set_count_i' makes integer from pointer without a cast [-Wint-conversion]
              XWritebinary_Set_count_i(&WBInst, &count);
                                                ^
In file included from ../src/helloworld.c:7:0:
../../lzw_acc_1_bsp/ps7_cortexa9_0/include/xwritebinary.h:100:6: note: expected 'u32 {aka long unsigned int}' but argument is of type 'int *'
 void XWritebinary_Set_count_i(XWritebinary *InstancePtr, u32 Data);
      ^~~~~~~~~~~~~~~~~~~~~~~~
../src/helloworld.c:119:9: warning: variable 'status' set but not used [-Wunused-but-set-variable]
     int status;
         ^~~~~~
../src/helloworld.c: In function 'main':
../src/helloworld.c:181:5: warning: statement with no effect [-Wunused-value]
     for(j;j<20;j++){
     ^~~
../src/helloworld.c:166:12: warning: variable 'cpu_time_used' set but not used [-Wunused-but-set-variable]
     double cpu_time_used;
            ^~~~~~~~~~~~~
'Finished building: ../src/helloworld.c'
' '
'Building target: lzw_acc_1.elf'
'Invoking: ARM v7 gcc linker'
arm-none-eabi-gcc -mcpu=cortex-a9 -mfpu=vfpv3 -mfloat-abi=hard -Wl,-build-id=none -specs=Xilinx.spec -Wl,-T -Wl,../src/lscript.ld -L../../lzw_acc_1_bsp/ps7_cortexa9_0/lib -o "lzw_acc_1.elf"  ./src/helloworld.o ./src/platform.o   -Wl,--start-group,-lxil,-lgcc,-lc,--end-group
c:/xilinx/sdk/2017.4/gnu/aarch32/nt/gcc-arm-none-eabi/bin/../arm-none-eabi/libc/usr/lib/v7-a/fpv3/hard\libc.a(lib_a-timesr.o): In function `_times_r':
timesr.c:(.text+0x4): undefined reference to `_times'
collect2.exe: error: ld returned 1 exit status
make: *** [lzw_acc_1.elf] Hata 1
16:41:25 **** Incremental Build of configuration Debug for project lzw_acc_1 ****
make pre-build main-build 
a9-linaro-pre-build-step
' '
'Building target: lzw_acc_1.elf'
'Invoking: ARM v7 gcc linker'
arm-none-eabi-gcc -mcpu=cortex-a9 -mfpu=vfpv3 -mfloat-abi=hard -Wl,-build-id=none -specs=Xilinx.spec -Wl,-T -Wl,../src/lscript.ld -L../../lzw_acc_1_bsp/ps7_cortexa9_0/lib -o "lzw_acc_1.elf"  ./src/helloworld.o ./src/platform.o   -Wl,--start-group,-lxil,-lgcc,-lc,--end-group
c:/xilinx/sdk/2017.4/gnu/aarch32/nt/gcc-arm-none-eabi/bin/../arm-none-eabi/libc/usr/lib/v7-a/fpv3/hard\libc.a(lib_a-timesr.o): In function `_times_r':
timesr.c:(.text+0x4): undefined reference to `_times'
collect2.exe: error: ld returned 1 exit status
make: *** [lzw_acc_1.elf] Hata 1
17:13:49 **** Incremental Build of configuration Debug for project lzw_acc_1 ****
make pre-build main-build 
a9-linaro-pre-build-step
' '
'Building target: lzw_acc_1.elf'
'Invoking: ARM v7 gcc linker'
arm-none-eabi-gcc -mcpu=cortex-a9 -mfpu=vfpv3 -mfloat-abi=hard -Wl,-build-id=none -specs=Xilinx.spec -Wl,-T -Wl,../src/lscript.ld -L../../lzw_acc_1_bsp/ps7_cortexa9_0/lib -o "lzw_acc_1.elf"  ./src/helloworld.o ./src/platform.o   -Wl,--start-group,-lxil,-lgcc,-lc,--end-group
c:/xilinx/sdk/2017.4/gnu/aarch32/nt/gcc-arm-none-eabi/bin/../arm-none-eabi/libc/usr/lib/v7-a/fpv3/hard\libc.a(lib_a-timesr.o): In function `_times_r':
timesr.c:(.text+0x4): undefined reference to `_times'
collect2.exe: error: ld returned 1 exit status
make: *** [lzw_acc_1.elf] Hata 1
17:14:41 **** Auto Build of configuration Debug for project lzw_acc_1 ****
make pre-build main-build 
a9-linaro-pre-build-step
' '
'Building file: ../src/helloworld.c'
'Invoking: ARM v7 gcc compiler'
arm-none-eabi-gcc -Wall -O0 -g3 -c -fmessage-length=0 -MT"src/helloworld.o" -mcpu=cortex-a9 -mfpu=vfpv3 -mfloat-abi=hard -I../../lzw_acc_1_bsp/ps7_cortexa9_0/include -MMD -MP -MF"src/helloworld.d" -MT"src/helloworld.o" -o "src/helloworld.o" "../src/helloworld.c"
../src/helloworld.c: In function 'compress':
../src/helloworld.c:135:47: warning: passing argument 2 of 'XWritebinary_Set_leftover_i' makes integer from pointer without a cast [-Wint-conversion]
          XWritebinary_Set_leftover_i(&WBInst, &leftover);
                                               ^
In file included from ../src/helloworld.c:7:0:
../../lzw_acc_1_bsp/ps7_cortexa9_0/include/xwritebinary.h:92:6: note: expected 'u32 {aka long unsigned int}' but argument is of type 'int *'
 void XWritebinary_Set_leftover_i(XWritebinary *InstancePtr, u32 Data);
      ^~~~~~~~~~~~~~~~~~~~~~~~~~~
../src/helloworld.c:136:51: warning: passing argument 2 of 'XWritebinary_Set_leftoverBits_i' makes integer from pointer without a cast [-Wint-conversion]
          XWritebinary_Set_leftoverBits_i(&WBInst, &leftoverBits);
                                                   ^
In file included from ../src/helloworld.c:7:0:
../../lzw_acc_1_bsp/ps7_cortexa9_0/include/xwritebinary.h:96:6: note: expected 'u32 {aka long unsigned int}' but argument is of type 'int *'
 void XWritebinary_Set_leftoverBits_i(XWritebinary *InstancePtr, u32 Data);
      ^~~~~~~~~~~~~~~~~~~~~~~~~~~~~~~
../src/helloworld.c:137:44: warning: passing argument 2 of 'XWritebinary_Set_count_i' makes integer from pointer without a cast [-Wint-conversion]
          XWritebinary_Set_count_i(&WBInst, &count);
                                            ^
In file included from ../src/helloworld.c:7:0:
../../lzw_acc_1_bsp/ps7_cortexa9_0/include/xwritebinary.h:100:6: note: expected 'u32 {aka long unsigned int}' but argument is of type 'int *'
 void XWritebinary_Set_count_i(XWritebinary *InstancePtr, u32 Data);
      ^~~~~~~~~~~~~~~~~~~~~~~~
../src/helloworld.c:149:51: warning: passing argument 2 of 'XWritebinary_Set_leftover_i' makes integer from pointer without a cast [-Wint-conversion]
              XWritebinary_Set_leftover_i(&WBInst, &leftover);
                                                   ^
In file included from ../src/helloworld.c:7:0:
../../lzw_acc_1_bsp/ps7_cortexa9_0/include/xwritebinary.h:92:6: note: expected 'u32 {aka long unsigned int}' but argument is of type 'int *'
 void XWritebinary_Set_leftover_i(XWritebinary *InstancePtr, u32 Data);
      ^~~~~~~~~~~~~~~~~~~~~~~~~~~
../src/helloworld.c:150:55: warning: passing argument 2 of 'XWritebinary_Set_leftoverBits_i' makes integer from pointer without a cast [-Wint-conversion]
              XWritebinary_Set_leftoverBits_i(&WBInst, &leftoverBits);
                                                       ^
In file included from ../src/helloworld.c:7:0:
../../lzw_acc_1_bsp/ps7_cortexa9_0/include/xwritebinary.h:96:6: note: expected 'u32 {aka long unsigned int}' but argument is of type 'int *'
 void XWritebinary_Set_leftoverBits_i(XWritebinary *InstancePtr, u32 Data);
      ^~~~~~~~~~~~~~~~~~~~~~~~~~~~~~~
../src/helloworld.c:151:48: warning: passing argument 2 of 'XWritebinary_Set_count_i' makes integer from pointer without a cast [-Wint-conversion]
              XWritebinary_Set_count_i(&WBInst, &count);
                                                ^
In file included from ../src/helloworld.c:7:0:
../../lzw_acc_1_bsp/ps7_cortexa9_0/include/xwritebinary.h:100:6: note: expected 'u32 {aka long unsigned int}' but argument is of type 'int *'
 void XWritebinary_Set_count_i(XWritebinary *InstancePtr, u32 Data);
      ^~~~~~~~~~~~~~~~~~~~~~~~
../src/helloworld.c:119:9: warning: variable 'status' set but not used [-Wunused-but-set-variable]
     int status;
         ^~~~~~
../src/helloworld.c: In function 'main':
../src/helloworld.c:181:5: warning: statement with no effect [-Wunused-value]
     for(j;j<20;j++){
     ^~~
'Finished building: ../src/helloworld.c'
' '
'Building target: lzw_acc_1.elf'
'Invoking: ARM v7 gcc linker'
arm-none-eabi-gcc -mcpu=cortex-a9 -mfpu=vfpv3 -mfloat-abi=hard -Wl,-build-id=none -specs=Xilinx.spec -Wl,-T -Wl,../src/lscript.ld -L../../lzw_acc_1_bsp/ps7_cortexa9_0/lib -o "lzw_acc_1.elf"  ./src/helloworld.o ./src/platform.o   -Wl,--start-group,-lxil,-lgcc,-lc,--end-group
'Finished building target: lzw_acc_1.elf'
' '
'Invoking: ARM v7 Print Size'
arm-none-eabi-size lzw_acc_1.elf  |tee "lzw_acc_1.elf.size"
   text	   data	    bss	    dec	    hex	filename
  78380	   2592	  23376	 104348	  1979c	lzw_acc_1.elf
'Finished building: lzw_acc_1.elf.size'
' '
17:14:52 **** Incremental Build of configuration Debug for project lzw_acc_1 ****
make pre-build main-build 
a9-linaro-pre-build-step
' '
make: `main-build' için hiçbir þey yapýlmadý.
17:15:10 **** Auto Build of configuration Debug for project lzw_acc_1 ****
make pre-build main-build 
a9-linaro-pre-build-step
' '
'Building file: ../src/helloworld.c'
'Invoking: ARM v7 gcc compiler'
arm-none-eabi-gcc -Wall -O0 -g3 -c -fmessage-length=0 -MT"src/helloworld.o" -mcpu=cortex-a9 -mfpu=vfpv3 -mfloat-abi=hard -I../../lzw_acc_1_bsp/ps7_cortexa9_0/include -MMD -MP -MF"src/helloworld.d" -MT"src/helloworld.o" -o "src/helloworld.o" "../src/helloworld.c"
../src/helloworld.c: In function 'compress':
../src/helloworld.c:135:47: warning: passing argument 2 of 'XWritebinary_Set_leftover_i' makes integer from pointer without a cast [-Wint-conversion]
          XWritebinary_Set_leftover_i(&WBInst, &leftover);
                                               ^
In file included from ../src/helloworld.c:7:0:
../../lzw_acc_1_bsp/ps7_cortexa9_0/include/xwritebinary.h:92:6: note: expected 'u32 {aka long unsigned int}' but argument is of type 'int *'
 void XWritebinary_Set_leftover_i(XWritebinary *InstancePtr, u32 Data);
      ^~~~~~~~~~~~~~~~~~~~~~~~~~~
../src/helloworld.c:136:51: warning: passing argument 2 of 'XWritebinary_Set_leftoverBits_i' makes integer from pointer without a cast [-Wint-conversion]
          XWritebinary_Set_leftoverBits_i(&WBInst, &leftoverBits);
                                                   ^
In file included from ../src/helloworld.c:7:0:
../../lzw_acc_1_bsp/ps7_cortexa9_0/include/xwritebinary.h:96:6: note: expected 'u32 {aka long unsigned int}' but argument is of type 'int *'
 void XWritebinary_Set_leftoverBits_i(XWritebinary *InstancePtr, u32 Data);
      ^~~~~~~~~~~~~~~~~~~~~~~~~~~~~~~
../src/helloworld.c:137:44: warning: passing argument 2 of 'XWritebinary_Set_count_i' makes integer from pointer without a cast [-Wint-conversion]
          XWritebinary_Set_count_i(&WBInst, &count);
                                            ^
In file included from ../src/helloworld.c:7:0:
../../lzw_acc_1_bsp/ps7_cortexa9_0/include/xwritebinary.h:100:6: note: expected 'u32 {aka long unsigned int}' but argument is of type 'int *'
 void XWritebinary_Set_count_i(XWritebinary *InstancePtr, u32 Data);
      ^~~~~~~~~~~~~~~~~~~~~~~~
../src/helloworld.c:149:51: warning: passing argument 2 of 'XWritebinary_Set_leftover_i' makes integer from pointer without a cast [-Wint-conversion]
              XWritebinary_Set_leftover_i(&WBInst, &leftover);
                                                   ^
In file included from ../src/helloworld.c:7:0:
../../lzw_acc_1_bsp/ps7_cortexa9_0/include/xwritebinary.h:92:6: note: expected 'u32 {aka long unsigned int}' but argument is of type 'int *'
 void XWritebinary_Set_leftover_i(XWritebinary *InstancePtr, u32 Data);
      ^~~~~~~~~~~~~~~~~~~~~~~~~~~
../src/helloworld.c:150:55: warning: passing argument 2 of 'XWritebinary_Set_leftoverBits_i' makes integer from pointer without a cast [-Wint-conversion]
              XWritebinary_Set_leftoverBits_i(&WBInst, &leftoverBits);
                                                       ^
In file included from ../src/helloworld.c:7:0:
../../lzw_acc_1_bsp/ps7_cortexa9_0/include/xwritebinary.h:96:6: note: expected 'u32 {aka long unsigned int}' but argument is of type 'int *'
 void XWritebinary_Set_leftoverBits_i(XWritebinary *InstancePtr, u32 Data);
      ^~~~~~~~~~~~~~~~~~~~~~~~~~~~~~~
../src/helloworld.c:151:48: warning: passing argument 2 of 'XWritebinary_Set_count_i' makes integer from pointer without a cast [-Wint-conversion]
              XWritebinary_Set_count_i(&WBInst, &count);
                                                ^
In file included from ../src/helloworld.c:7:0:
../../lzw_acc_1_bsp/ps7_cortexa9_0/include/xwritebinary.h:100:6: note: expected 'u32 {aka long unsigned int}' but argument is of type 'int *'
 void XWritebinary_Set_count_i(XWritebinary *InstancePtr, u32 Data);
      ^~~~~~~~~~~~~~~~~~~~~~~~
../src/helloworld.c:119:9: warning: variable 'status' set but not used [-Wunused-but-set-variable]
     int status;
         ^~~~~~
../src/helloworld.c: In function 'main':
../src/helloworld.c:181:5: warning: statement with no effect [-Wunused-value]
     for(j;j<20;j++){
     ^~~
'Finished building: ../src/helloworld.c'
' '
'Building target: lzw_acc_1.elf'
'Invoking: ARM v7 gcc linker'
arm-none-eabi-gcc -mcpu=cortex-a9 -mfpu=vfpv3 -mfloat-abi=hard -Wl,-build-id=none -specs=Xilinx.spec -Wl,-T -Wl,../src/lscript.ld -L../../lzw_acc_1_bsp/ps7_cortexa9_0/lib -o "lzw_acc_1.elf"  ./src/helloworld.o ./src/platform.o   -Wl,--start-group,-lxil,-lgcc,-lc,--end-group
'Finished building target: lzw_acc_1.elf'
' '
'Invoking: ARM v7 Print Size'
arm-none-eabi-size lzw_acc_1.elf  |tee "lzw_acc_1.elf.size"
   text	   data	    bss	    dec	    hex	filename
  78380	   2592	  23376	 104348	  1979c	lzw_acc_1.elf
'Finished building: lzw_acc_1.elf.size'
' '
17:15:16 **** Incremental Build of configuration Debug for project lzw_acc_1 ****
make pre-build main-build 
a9-linaro-pre-build-step
' '
make: `main-build' için hiçbir þey yapýlmadý.
17:17:50 **** Auto Build of configuration Debug for project lzw_acc_1 ****
make pre-build main-build 
a9-linaro-pre-build-step
' '
'Building file: ../src/helloworld.c'
'Invoking: ARM v7 gcc compiler'
arm-none-eabi-gcc -Wall -O0 -g3 -c -fmessage-length=0 -MT"src/helloworld.o" -mcpu=cortex-a9 -mfpu=vfpv3 -mfloat-abi=hard -I../../lzw_acc_1_bsp/ps7_cortexa9_0/include -MMD -MP -MF"src/helloworld.d" -MT"src/helloworld.o" -o "src/helloworld.o" "../src/helloworld.c"
../src/helloworld.c: In function 'compress':
../src/helloworld.c:135:47: warning: passing argument 2 of 'XWritebinary_Set_leftover_i' makes integer from pointer without a cast [-Wint-conversion]
          XWritebinary_Set_leftover_i(&WBInst, &leftover);
                                               ^
In file included from ../src/helloworld.c:7:0:
../../lzw_acc_1_bsp/ps7_cortexa9_0/include/xwritebinary.h:92:6: note: expected 'u32 {aka long unsigned int}' but argument is of type 'int *'
 void XWritebinary_Set_leftover_i(XWritebinary *InstancePtr, u32 Data);
      ^~~~~~~~~~~~~~~~~~~~~~~~~~~
../src/helloworld.c:136:51: warning: passing argument 2 of 'XWritebinary_Set_leftoverBits_i' makes integer from pointer without a cast [-Wint-conversion]
          XWritebinary_Set_leftoverBits_i(&WBInst, &leftoverBits);
                                                   ^
In file included from ../src/helloworld.c:7:0:
../../lzw_acc_1_bsp/ps7_cortexa9_0/include/xwritebinary.h:96:6: note: expected 'u32 {aka long unsigned int}' but argument is of type 'int *'
 void XWritebinary_Set_leftoverBits_i(XWritebinary *InstancePtr, u32 Data);
      ^~~~~~~~~~~~~~~~~~~~~~~~~~~~~~~
../src/helloworld.c:137:44: warning: passing argument 2 of 'XWritebinary_Set_count_i' makes integer from pointer without a cast [-Wint-conversion]
          XWritebinary_Set_count_i(&WBInst, &count);
                                            ^
In file included from ../src/helloworld.c:7:0:
../../lzw_acc_1_bsp/ps7_cortexa9_0/include/xwritebinary.h:100:6: note: expected 'u32 {aka long unsigned int}' but argument is of type 'int *'
 void XWritebinary_Set_count_i(XWritebinary *InstancePtr, u32 Data);
      ^~~~~~~~~~~~~~~~~~~~~~~~
../src/helloworld.c:149:51: warning: passing argument 2 of 'XWritebinary_Set_leftover_i' makes integer from pointer without a cast [-Wint-conversion]
              XWritebinary_Set_leftover_i(&WBInst, &leftover);
                                                   ^
In file included from ../src/helloworld.c:7:0:
../../lzw_acc_1_bsp/ps7_cortexa9_0/include/xwritebinary.h:92:6: note: expected 'u32 {aka long unsigned int}' but argument is of type 'int *'
 void XWritebinary_Set_leftover_i(XWritebinary *InstancePtr, u32 Data);
      ^~~~~~~~~~~~~~~~~~~~~~~~~~~
../src/helloworld.c:150:55: warning: passing argument 2 of 'XWritebinary_Set_leftoverBits_i' makes integer from pointer without a cast [-Wint-conversion]
              XWritebinary_Set_leftoverBits_i(&WBInst, &leftoverBits);
                                                       ^
In file included from ../src/helloworld.c:7:0:
../../lzw_acc_1_bsp/ps7_cortexa9_0/include/xwritebinary.h:96:6: note: expected 'u32 {aka long unsigned int}' but argument is of type 'int *'
 void XWritebinary_Set_leftoverBits_i(XWritebinary *InstancePtr, u32 Data);
      ^~~~~~~~~~~~~~~~~~~~~~~~~~~~~~~
../src/helloworld.c:151:48: warning: passing argument 2 of 'XWritebinary_Set_count_i' makes integer from pointer without a cast [-Wint-conversion]
              XWritebinary_Set_count_i(&WBInst, &count);
                                                ^
In file included from ../src/helloworld.c:7:0:
../../lzw_acc_1_bsp/ps7_cortexa9_0/include/xwritebinary.h:100:6: note: expected 'u32 {aka long unsigned int}' but argument is of type 'int *'
 void XWritebinary_Set_count_i(XWritebinary *InstancePtr, u32 Data);
      ^~~~~~~~~~~~~~~~~~~~~~~~
../src/helloworld.c:119:9: warning: variable 'status' set but not used [-Wunused-but-set-variable]
     int status;
         ^~~~~~
../src/helloworld.c: In function 'main':
../src/helloworld.c:181:5: warning: statement with no effect [-Wunused-value]
     for(j;j<20;j++){
     ^~~
../src/helloworld.c:186:5: warning: implicit declaration of function 'prinf' [-Wimplicit-function-declaration]
     prinf("%d", XWritebinary_Read_output_r_Words(&WBInst,0,1 , 4);)
     ^~~~~
../src/helloworld.c:186:60: warning: passing argument 3 of 'XWritebinary_Read_output_r_Words' makes pointer from integer without a cast [-Wint-conversion]
     prinf("%d", XWritebinary_Read_output_r_Words(&WBInst,0,1 , 4);)
                                                            ^
In file included from ../src/helloworld.c:7:0:
../../lzw_acc_1_bsp/ps7_cortexa9_0/include/xwritebinary.h:110:5: note: expected 'int *' but argument is of type 'int'
 u32 XWritebinary_Read_output_r_Words(XWritebinary *InstancePtr, int offset, int *data, int length);
     ^~~~~~~~~~~~~~~~~~~~~~~~~~~~~~~~
../src/helloworld.c:186:66: error: expected ')' before ';' token
     prinf("%d", XWritebinary_Read_output_r_Words(&WBInst,0,1 , 4);)
                                                                  ^
../src/helloworld.c:191:5: error: expected ';' before 'return'
     return 0;
     ^~~~~~
make: *** [src/helloworld.o] Hata 1
17:18:04 **** Auto Build of configuration Debug for project lzw_acc_1 ****
make pre-build main-build 
a9-linaro-pre-build-step
' '
'Building file: ../src/helloworld.c'
'Invoking: ARM v7 gcc compiler'
arm-none-eabi-gcc -Wall -O0 -g3 -c -fmessage-length=0 -MT"src/helloworld.o" -mcpu=cortex-a9 -mfpu=vfpv3 -mfloat-abi=hard -I../../lzw_acc_1_bsp/ps7_cortexa9_0/include -MMD -MP -MF"src/helloworld.d" -MT"src/helloworld.o" -o "src/helloworld.o" "../src/helloworld.c"
../src/helloworld.c: In function 'compress':
../src/helloworld.c:135:47: warning: passing argument 2 of 'XWritebinary_Set_leftover_i' makes integer from pointer without a cast [-Wint-conversion]
          XWritebinary_Set_leftover_i(&WBInst, &leftover);
                                               ^
In file included from ../src/helloworld.c:7:0:
../../lzw_acc_1_bsp/ps7_cortexa9_0/include/xwritebinary.h:92:6: note: expected 'u32 {aka long unsigned int}' but argument is of type 'int *'
 void XWritebinary_Set_leftover_i(XWritebinary *InstancePtr, u32 Data);
      ^~~~~~~~~~~~~~~~~~~~~~~~~~~
../src/helloworld.c:136:51: warning: passing argument 2 of 'XWritebinary_Set_leftoverBits_i' makes integer from pointer without a cast [-Wint-conversion]
          XWritebinary_Set_leftoverBits_i(&WBInst, &leftoverBits);
                                                   ^
In file included from ../src/helloworld.c:7:0:
../../lzw_acc_1_bsp/ps7_cortexa9_0/include/xwritebinary.h:96:6: note: expected 'u32 {aka long unsigned int}' but argument is of type 'int *'
 void XWritebinary_Set_leftoverBits_i(XWritebinary *InstancePtr, u32 Data);
      ^~~~~~~~~~~~~~~~~~~~~~~~~~~~~~~
../src/helloworld.c:137:44: warning: passing argument 2 of 'XWritebinary_Set_count_i' makes integer from pointer without a cast [-Wint-conversion]
          XWritebinary_Set_count_i(&WBInst, &count);
                                            ^
In file included from ../src/helloworld.c:7:0:
../../lzw_acc_1_bsp/ps7_cortexa9_0/include/xwritebinary.h:100:6: note: expected 'u32 {aka long unsigned int}' but argument is of type 'int *'
 void XWritebinary_Set_count_i(XWritebinary *InstancePtr, u32 Data);
      ^~~~~~~~~~~~~~~~~~~~~~~~
../src/helloworld.c:149:51: warning: passing argument 2 of 'XWritebinary_Set_leftover_i' makes integer from pointer without a cast [-Wint-conversion]
              XWritebinary_Set_leftover_i(&WBInst, &leftover);
                                                   ^
In file included from ../src/helloworld.c:7:0:
../../lzw_acc_1_bsp/ps7_cortexa9_0/include/xwritebinary.h:92:6: note: expected 'u32 {aka long unsigned int}' but argument is of type 'int *'
 void XWritebinary_Set_leftover_i(XWritebinary *InstancePtr, u32 Data);
      ^~~~~~~~~~~~~~~~~~~~~~~~~~~
../src/helloworld.c:150:55: warning: passing argument 2 of 'XWritebinary_Set_leftoverBits_i' makes integer from pointer without a cast [-Wint-conversion]
              XWritebinary_Set_leftoverBits_i(&WBInst, &leftoverBits);
                                                       ^
In file included from ../src/helloworld.c:7:0:
../../lzw_acc_1_bsp/ps7_cortexa9_0/include/xwritebinary.h:96:6: note: expected 'u32 {aka long unsigned int}' but argument is of type 'int *'
 void XWritebinary_Set_leftoverBits_i(XWritebinary *InstancePtr, u32 Data);
      ^~~~~~~~~~~~~~~~~~~~~~~~~~~~~~~
../src/helloworld.c:151:48: warning: passing argument 2 of 'XWritebinary_Set_count_i' makes integer from pointer without a cast [-Wint-conversion]
              XWritebinary_Set_count_i(&WBInst, &count);
                                                ^
In file included from ../src/helloworld.c:7:0:
../../lzw_acc_1_bsp/ps7_cortexa9_0/include/xwritebinary.h:100:6: note: expected 'u32 {aka long unsigned int}' but argument is of type 'int *'
 void XWritebinary_Set_count_i(XWritebinary *InstancePtr, u32 Data);
      ^~~~~~~~~~~~~~~~~~~~~~~~
../src/helloworld.c:119:9: warning: variable 'status' set but not used [-Wunused-but-set-variable]
     int status;
         ^~~~~~
../src/helloworld.c: In function 'main':
../src/helloworld.c:181:5: warning: statement with no effect [-Wunused-value]
     for(j;j<20;j++){
     ^~~
../src/helloworld.c:186:5: warning: implicit declaration of function 'prinf' [-Wimplicit-function-declaration]
     prinf("%d", XWritebinary_Read_output_r_Words(&WBInst,0,1 , 4));
     ^~~~~
../src/helloworld.c:186:60: warning: passing argument 3 of 'XWritebinary_Read_output_r_Words' makes pointer from integer without a cast [-Wint-conversion]
     prinf("%d", XWritebinary_Read_output_r_Words(&WBInst,0,1 , 4));
                                                            ^
In file included from ../src/helloworld.c:7:0:
../../lzw_acc_1_bsp/ps7_cortexa9_0/include/xwritebinary.h:110:5: note: expected 'int *' but argument is of type 'int'
 u32 XWritebinary_Read_output_r_Words(XWritebinary *InstancePtr, int offset, int *data, int length);
     ^~~~~~~~~~~~~~~~~~~~~~~~~~~~~~~~
'Finished building: ../src/helloworld.c'
' '
'Building target: lzw_acc_1.elf'
'Invoking: ARM v7 gcc linker'
arm-none-eabi-gcc -mcpu=cortex-a9 -mfpu=vfpv3 -mfloat-abi=hard -Wl,-build-id=none -specs=Xilinx.spec -Wl,-T -Wl,../src/lscript.ld -L../../lzw_acc_1_bsp/ps7_cortexa9_0/lib -o "lzw_acc_1.elf"  ./src/helloworld.o ./src/platform.o   -Wl,--start-group,-lxil,-lgcc,-lc,--end-group
./src/helloworld.o: In function `main':
C:\EEM464\labs\lzw_acc_1\lzw_acc_1.sdk\lzw_acc_1\Debug/../src/helloworld.c:186: undefined reference to `prinf'
collect2.exe: error: ld returned 1 exit status
make: *** [lzw_acc_1.elf] Hata 1
17:18:59 **** Auto Build of configuration Debug for project lzw_acc_1 ****
make pre-build main-build 
a9-linaro-pre-build-step
' '
'Building file: ../src/helloworld.c'
'Invoking: ARM v7 gcc compiler'
arm-none-eabi-gcc -Wall -O0 -g3 -c -fmessage-length=0 -MT"src/helloworld.o" -mcpu=cortex-a9 -mfpu=vfpv3 -mfloat-abi=hard -I../../lzw_acc_1_bsp/ps7_cortexa9_0/include -MMD -MP -MF"src/helloworld.d" -MT"src/helloworld.o" -o "src/helloworld.o" "../src/helloworld.c"
../src/helloworld.c: In function 'compress':
../src/helloworld.c:135:47: warning: passing argument 2 of 'XWritebinary_Set_leftover_i' makes integer from pointer without a cast [-Wint-conversion]
          XWritebinary_Set_leftover_i(&WBInst, &leftover);
                                               ^
In file included from ../src/helloworld.c:7:0:
../../lzw_acc_1_bsp/ps7_cortexa9_0/include/xwritebinary.h:92:6: note: expected 'u32 {aka long unsigned int}' but argument is of type 'int *'
 void XWritebinary_Set_leftover_i(XWritebinary *InstancePtr, u32 Data);
      ^~~~~~~~~~~~~~~~~~~~~~~~~~~
../src/helloworld.c:136:51: warning: passing argument 2 of 'XWritebinary_Set_leftoverBits_i' makes integer from pointer without a cast [-Wint-conversion]
          XWritebinary_Set_leftoverBits_i(&WBInst, &leftoverBits);
                                                   ^
In file included from ../src/helloworld.c:7:0:
../../lzw_acc_1_bsp/ps7_cortexa9_0/include/xwritebinary.h:96:6: note: expected 'u32 {aka long unsigned int}' but argument is of type 'int *'
 void XWritebinary_Set_leftoverBits_i(XWritebinary *InstancePtr, u32 Data);
      ^~~~~~~~~~~~~~~~~~~~~~~~~~~~~~~
[...]
../src/helloworld.c: In function 'compress':
../src/helloworld.c:176:18: warning: initialization makes integer from pointer without a cast [-Wint-conversion]
     int prefix = inputFile[0];
                  ^~~~~~~~~
../src/helloworld.c:195:19: warning: assignment makes integer from pointer without a cast [-Wint-conversion]
         character = inputFile[i];
                   ^
In file included from ../../lzw_acc_alt_bsp/ps7_cortexa9_0/include/xwritebinary.h:19:0,
                 from ../src/helloworld.c:40:
../../lzw_acc_alt_bsp/ps7_cortexa9_0/include/xstatus.h:65:41: warning: 'return' with a value, in function returning void
 #define XST_FAILURE                     1L
                                         ^
../src/helloworld.c:202:43: note: in expansion of macro 'XST_FAILURE'
          if(status != XST_SUCCESS) return XST_FAILURE;
                                           ^~~~~~~~~~~
../src/helloworld.c:175:6: note: declared here
 void compress(int *inputFile[10], int *outputFile[20]) {
      ^~~~~~~~
../src/helloworld.c:207:31: warning: assignment makes pointer from integer without a cast [-Wint-conversion]
          outputFile[count2++] = XWritebinary_Get_return(&WBInst);
                               ^
In file included from ../../lzw_acc_alt_bsp/ps7_cortexa9_0/include/xwritebinary.h:19:0,
                 from ../src/helloworld.c:40:
../../lzw_acc_alt_bsp/ps7_cortexa9_0/include/xstatus.h:65:41: warning: 'return' with a value, in function returning void
 #define XST_FAILURE                     1L
                                         ^
../src/helloworld.c:223:47: note: in expansion of macro 'XST_FAILURE'
              if(status != XST_SUCCESS) return XST_FAILURE;
                                               ^~~~~~~~~~~
../src/helloworld.c:175:6: note: declared here
 void compress(int *inputFile[10], int *outputFile[20]) {
      ^~~~~~~~
../src/helloworld.c:228:35: warning: assignment makes pointer from integer without a cast [-Wint-conversion]
              outputFile[count2++] = XWritebinary_Get_return(&WBInst);
                                   ^
../src/helloworld.c:234:29: warning: assignment makes pointer from integer without a cast [-Wint-conversion]
         outputFile[count2++]=leftoverBits2<<4;
                             ^
../src/helloworld.c:187:20: warning: unused variable 'writebinary_core' [-Wunused-variable]
     unsigned int * writebinary_core = (unsigned int*) 0x43C00000;
                    ^~~~~~~~~~~~~~~~
../src/helloworld.c:178:9: warning: variable 'leftover2' set but not used [-Wunused-but-set-variable]
     int leftover2 = 0;
         ^~~~~~~~~
../src/helloworld.c: In function 'main':
../src/helloworld.c:261:14: warning: passing argument 1 of 'compress' from incompatible pointer type [-Wincompatible-pointer-types]
     compress(inputFile,outputFile);
              ^~~~~~~~~
../src/helloworld.c:175:6: note: expected 'int **' but argument is of type 'int *'
 void compress(int *inputFile[10], int *outputFile[20]) {
      ^~~~~~~~
../src/helloworld.c:261:24: warning: passing argument 2 of 'compress' from incompatible pointer type [-Wincompatible-pointer-types]
     compress(inputFile,outputFile);
                        ^~~~~~~~~~
../src/helloworld.c:175:6: note: expected 'int **' but argument is of type 'int *'
 void compress(int *inputFile[10], int *outputFile[20]) {
      ^~~~~~~~
../src/helloworld.c:269:4: warning: statement with no effect [-Wunused-value]
    for(j;j<20;j++){
    ^~~
../src/helloworld.c: In function 'compress':
../src/helloworld.c:204:10: warning: 'out' may be used uninitialized in this function [-Wmaybe-uninitialized]
          XWritebinary_Set_out_r(&WBInst, out);
          ^~~~~~~~~~~~~~~~~~~~~~~~~~~~~~~~~~~~
'Finished building: ../src/helloworld.c'
' '
'Building target: lzw_acc_alt.elf'
'Invoking: ARM v7 gcc linker'
arm-none-eabi-gcc -mcpu=cortex-a9 -mfpu=vfpv3 -mfloat-abi=hard -Wl,-build-id=none -specs=Xilinx.spec -Wl,-T -Wl,../src/lscript.ld -L../../lzw_acc_alt_bsp/ps7_cortexa9_0/lib -o "lzw_acc_alt.elf"  ./src/helloworld.o ./src/platform.o   -Wl,--start-group,-lxil,-lgcc,-lc,--end-group
'Finished building target: lzw_acc_alt.elf'
' '
'Invoking: ARM v7 Print Size'
arm-none-eabi-size lzw_acc_alt.elf  |tee "lzw_acc_alt.elf.size"
   text	   data	    bss	    dec	    hex	filename
  77452	   2592	  23360	 103404	  193ec	lzw_acc_alt.elf
'Finished building: lzw_acc_alt.elf.size'
' '
04:15:54 **** Incremental Build of configuration Debug for project lzw_acc_1 ****
make pre-build main-build 
a9-linaro-pre-build-step
' '
make: `main-build' için hiçbir þey yapýlmadý.
04:15:55 **** Incremental Build of configuration Debug for project lzw_acc_alt ****
make pre-build main-build 
a9-linaro-pre-build-step
' '
make: `main-build' için hiçbir þey yapýlmadý.
04:16:25 **** Auto Build of configuration Debug for project lzw_acc_alt ****
make pre-build main-build 
a9-linaro-pre-build-step
' '
'Building file: ../src/helloworld.c'
'Invoking: ARM v7 gcc compiler'
arm-none-eabi-gcc -Wall -O0 -g3 -c -fmessage-length=0 -MT"src/helloworld.o" -mcpu=cortex-a9 -mfpu=vfpv3 -mfloat-abi=hard -I../../lzw_acc_alt_bsp/ps7_cortexa9_0/include -MMD -MP -MF"src/helloworld.d" -MT"src/helloworld.o" -o "src/helloworld.o" "../src/helloworld.c"
../src/helloworld.c: In function 'compress':
../src/helloworld.c:176:18: warning: initialization makes integer from pointer without a cast [-Wint-conversion]
     int prefix = inputFile[0];
                  ^~~~~~~~~
../src/helloworld.c:195:19: warning: assignment makes integer from pointer without a cast [-Wint-conversion]
         character = inputFile[i];
                   ^
In file included from ../../lzw_acc_alt_bsp/ps7_cortexa9_0/include/xwritebinary.h:19:0,
                 from ../src/helloworld.c:40:
../../lzw_acc_alt_bsp/ps7_cortexa9_0/include/xstatus.h:65:41: warning: 'return' with a value, in function returning void
 #define XST_FAILURE                     1L
                                         ^
../src/helloworld.c:202:43: note: in expansion of macro 'XST_FAILURE'
          if(status != XST_SUCCESS) return XST_FAILURE;
                                           ^~~~~~~~~~~
../src/helloworld.c:175:6: note: declared here
 void compress(int *inputFile[10], int *outputFile[20]) {
      ^~~~~~~~
../src/helloworld.c:207:31: warning: assignment makes pointer from integer without a cast [-Wint-conversion]
          outputFile[count2++] = XWritebinary_Get_return(&WBInst);
                               ^
In file included from ../../lzw_acc_alt_bsp/ps7_cortexa9_0/include/xwritebinary.h:19:0,
                 from ../src/helloworld.c:40:
../../lzw_acc_alt_bsp/ps7_cortexa9_0/include/xstatus.h:65:41: warning: 'return' with a value, in function returning void
 #define XST_FAILURE                     1L
                                         ^
../src/helloworld.c:223:47: note: in expansion of macro 'XST_FAILURE'
              if(status != XST_SUCCESS) return XST_FAILURE;
                                               ^~~~~~~~~~~
../src/helloworld.c:175:6: note: declared here
 void compress(int *inputFile[10], int *outputFile[20]) {
      ^~~~~~~~
../src/helloworld.c:228:35: warning: assignment makes pointer from integer without a cast [-Wint-conversion]
              outputFile[count2++] = XWritebinary_Get_return(&WBInst);
                                   ^
../src/helloworld.c:234:29: warning: assignment makes pointer from integer without a cast [-Wint-conversion]
         outputFile[count2++]=leftoverBits2<<4;
                             ^
../src/helloworld.c:187:20: warning: unused variable 'writebinary_core' [-Wunused-variable]
     unsigned int * writebinary_core = (unsigned int*) 0x43C00000;
                    ^~~~~~~~~~~~~~~~
../src/helloworld.c:178:9: warning: variable 'leftover2' set but not used [-Wunused-but-set-variable]
     int leftover2 = 0;
         ^~~~~~~~~
../src/helloworld.c: In function 'main':
../src/helloworld.c:261:14: warning: passing argument 1 of 'compress' from incompatible pointer type [-Wincompatible-pointer-types]
     compress(inputFile,outputFile);
              ^~~~~~~~~
../src/helloworld.c:175:6: note: expected 'int **' but argument is of type 'int *'
 void compress(int *inputFile[10], int *outputFile[20]) {
      ^~~~~~~~
../src/helloworld.c:261:24: warning: passing argument 2 of 'compress' from incompatible pointer type [-Wincompatible-pointer-types]
     compress(inputFile,outputFile);
                        ^~~~~~~~~~
../src/helloworld.c:175:6: note: expected 'int **' but argument is of type 'int *'
 void compress(int *inputFile[10], int *outputFile[20]) {
      ^~~~~~~~
../src/helloworld.c:269:4: warning: statement with no effect [-Wunused-value]
    for(j;j<20;j++){
    ^~~
../src/helloworld.c: In function 'compress':
../src/helloworld.c:204:10: warning: 'out' may be used uninitialized in this function [-Wmaybe-uninitialized]
          XWritebinary_Set_out_r(&WBInst, out);
          ^~~~~~~~~~~~~~~~~~~~~~~~~~~~~~~~~~~~
'Finished building: ../src/helloworld.c'
' '
'Building target: lzw_acc_alt.elf'
'Invoking: ARM v7 gcc linker'
arm-none-eabi-gcc -mcpu=cortex-a9 -mfpu=vfpv3 -mfloat-abi=hard -Wl,-build-id=none -specs=Xilinx.spec -Wl,-T -Wl,../src/lscript.ld -L../../lzw_acc_alt_bsp/ps7_cortexa9_0/lib -o "lzw_acc_alt.elf"  ./src/helloworld.o ./src/platform.o   -Wl,--start-group,-lxil,-lgcc,-lc,--end-group
'Finished building target: lzw_acc_alt.elf'
' '
'Invoking: ARM v7 Print Size'
arm-none-eabi-size lzw_acc_alt.elf  |tee "lzw_acc_alt.elf.size"
   text	   data	    bss	    dec	    hex	filename
  77412	   2592	  23360	 103364	  193c4	lzw_acc_alt.elf
'Finished building: lzw_acc_alt.elf.size'
' '
05:02:51 **** Auto Build of configuration Debug for project lzw_acc_alt ****
make pre-build main-build 
a9-linaro-pre-build-step
' '
'Building file: ../src/helloworld.c'
'Invoking: ARM v7 gcc compiler'
arm-none-eabi-gcc -Wall -O0 -g3 -c -fmessage-length=0 -MT"src/helloworld.o" -mcpu=cortex-a9 -mfpu=vfpv3 -mfloat-abi=hard -I../../lzw_acc_alt_bsp/ps7_cortexa9_0/include -MMD -MP -MF"src/helloworld.d" -MT"src/helloworld.o" -o "src/helloworld.o" "../src/helloworld.c"
../src/helloworld.c: In function 'compress':
../src/helloworld.c:176:18: warning: initialization makes integer from pointer without a cast [-Wint-conversion]
     int prefix = inputFile[0];
                  ^~~~~~~~~
../src/helloworld.c:195:19: warning: assignment makes integer from pointer without a cast [-Wint-conversion]
         character = inputFile[i];
                   ^
../src/helloworld.c:200:33: warning: assignment makes pointer from integer without a cast [-Wint-conversion]
             outputFile[count2++]=writeBinary(prefix,out);
                                 ^
../src/helloworld.c:220:25: warning: assignment makes pointer from integer without a cast [-Wint-conversion]
     outputFile[count2++]=writeBinary(prefix,out); // output the last code
                         ^
../src/helloworld.c:234:29: warning: assignment makes pointer from integer without a cast [-Wint-conversion]
         outputFile[count2++]=leftoverBits2<<4;
                             ^
../src/helloworld.c:187:20: warning: unused variable 'writebinary_core' [-Wunused-variable]
     unsigned int * writebinary_core = (unsigned int*) 0x43C00000;
                    ^~~~~~~~~~~~~~~~
../src/helloworld.c:186:9: warning: unused variable 'status' [-Wunused-variable]
     int status;
         ^~~~~~
../src/helloworld.c:178:9: warning: variable 'leftover2' set but not used [-Wunused-but-set-variable]
     int leftover2 = 0;
         ^~~~~~~~~
../src/helloworld.c: In function 'main':
../src/helloworld.c:261:14: warning: passing argument 1 of 'compress' from incompatible pointer type [-Wincompatible-pointer-types]
     compress(inputFile,outputFile);
              ^~~~~~~~~
../src/helloworld.c:175:6: note: expected 'int **' but argument is of type 'int *'
 void compress(int *inputFile[10], int *outputFile[20]) {
      ^~~~~~~~
../src/helloworld.c:261:24: warning: passing argument 2 of 'compress' from incompatible pointer type [-Wincompatible-pointer-types]
     compress(inputFile,outputFile);
                        ^~~~~~~~~~
../src/helloworld.c:175:6: note: expected 'int **' but argument is of type 'int *'
 void compress(int *inputFile[10], int *outputFile[20]) {
      ^~~~~~~~
../src/helloworld.c:269:4: warning: statement with no effect [-Wunused-value]
    for(j;j<20;j++){
    ^~~
../src/helloworld.c: In function 'compress':
../src/helloworld.c:200:34: warning: 'out' may be used uninitialized in this function [-Wmaybe-uninitialized]
             outputFile[count2++]=writeBinary(prefix,out);
                                  ^~~~~~~~~~~~~~~~~~~~~~~
'Finished building: ../src/helloworld.c'
' '
'Building target: lzw_acc_alt.elf'
'Invoking: ARM v7 gcc linker'
arm-none-eabi-gcc -mcpu=cortex-a9 -mfpu=vfpv3 -mfloat-abi=hard -Wl,-build-id=none -specs=Xilinx.spec -Wl,-T -Wl,../src/lscript.ld -L../../lzw_acc_alt_bsp/ps7_cortexa9_0/lib -o "lzw_acc_alt.elf"  ./src/helloworld.o ./src/platform.o   -Wl,--start-group,-lxil,-lgcc,-lc,--end-group
'Finished building target: lzw_acc_alt.elf'
' '
'Invoking: ARM v7 Print Size'
arm-none-eabi-size lzw_acc_alt.elf  |tee "lzw_acc_alt.elf.size"
   text	   data	    bss	    dec	    hex	filename
  74428	   2584	  23360	 100372	  18814	lzw_acc_alt.elf
'Finished building: lzw_acc_alt.elf.size'
' '
05:02:54 **** Incremental Build of configuration Debug for project lzw_acc_1 ****
make pre-build main-build 
a9-linaro-pre-build-step
' '
make: `main-build' için hiçbir þey yapýlmadý.
05:02:54 **** Incremental Build of configuration Debug for project lzw_acc_alt ****
make pre-build main-build 
a9-linaro-pre-build-step
' '
make: `main-build' için hiçbir þey yapýlmadý.
05:03:04 **** Incremental Build of configuration Debug for project lzw_acc_1 ****
make pre-build main-build 
a9-linaro-pre-build-step
' '
make: `main-build' için hiçbir þey yapýlmadý.
05:03:05 **** Incremental Build of configuration Debug for project lzw_acc_alt ****
make pre-build main-build 
a9-linaro-pre-build-step
' '
make: `main-build' için hiçbir þey yapýlmadý.
05:04:42 **** Incremental Build of configuration Debug for project lzw_acc_1 ****
make pre-build main-build 
a9-linaro-pre-build-step
' '
make: `main-build' için hiçbir þey yapýlmadý.
05:04:43 **** Incremental Build of configuration Debug for project lzw_acc_alt ****
make pre-build main-build 
a9-linaro-pre-build-step
' '
make: `main-build' için hiçbir þey yapýlmadý.
05:05:06 **** Auto Build of configuration Debug for project lzw_acc_alt ****
make pre-build main-build 
a9-linaro-pre-build-step
' '
'Building file: ../src/helloworld.c'
'Invoking: ARM v7 gcc compiler'
arm-none-eabi-gcc -Wall -O0 -g3 -c -fmessage-length=0 -MT"src/helloworld.o" -mcpu=cortex-a9 -mfpu=vfpv3 -mfloat-abi=hard -I../../lzw_acc_alt_bsp/ps7_cortexa9_0/include -MMD -MP -MF"src/helloworld.d" -MT"src/helloworld.o" -o "src/helloworld.o" "../src/helloworld.c"
../src/helloworld.c: In function 'compress':
../src/helloworld.c:176:18: warning: initialization makes integer from pointer without a cast [-Wint-conversion]
     int prefix = inputFile[0];
                  ^~~~~~~~~
../src/helloworld.c:195:19: warning: assignment makes integer from pointer without a cast [-Wint-conversion]
         character = inputFile[i];
                   ^
In file included from ../../lzw_acc_alt_bsp/ps7_cortexa9_0/include/xwritebinary.h:19:0,
                 from ../src/helloworld.c:40:
../../lzw_acc_alt_bsp/ps7_cortexa9_0/include/xstatus.h:65:41: warning: 'return' with a value, in function returning void
 #define XST_FAILURE                     1L
                                         ^
../src/helloworld.c:202:43: note: in expansion of macro 'XST_FAILURE'
          if(status != XST_SUCCESS) return XST_FAILURE;
                                           ^~~~~~~~~~~
../src/helloworld.c:175:6: note: declared here
 void compress(int *inputFile[10], int *outputFile[20]) {
      ^~~~~~~~
../src/helloworld.c:207:31: warning: assignment makes pointer from integer without a cast [-Wint-conversion]
          outputFile[count2++] = XWritebinary_Get_return(&WBInst);
                               ^
In file included from ../../lzw_acc_alt_bsp/ps7_cortexa9_0/include/xwritebinary.h:19:0,
                 from ../src/helloworld.c:40:
../../lzw_acc_alt_bsp/ps7_cortexa9_0/include/xstatus.h:65:41: warning: 'return' with a value, in function returning void
 #define XST_FAILURE                     1L
                                         ^
../src/helloworld.c:223:47: note: in expansion of macro 'XST_FAILURE'
              if(status != XST_SUCCESS) return XST_FAILURE;
                                               ^~~~~~~~~~~
../src/helloworld.c:175:6: note: declared here
 void compress(int *inputFile[10], int *outputFile[20]) {
      ^~~~~~~~
../src/helloworld.c:228:35: warning: assignment makes pointer from integer without a cast [-Wint-conversion]
              outputFile[count2++] = XWritebinary_Get_return(&WBInst);
                                   ^
../src/helloworld.c:234:29: warning: assignment makes pointer from integer without a cast [-Wint-conversion]
         outputFile[count2++]=leftoverBits2<<4;
                             ^
../src/helloworld.c:187:20: warning: unused variable 'writebinary_core' [-Wunused-variable]
     unsigned int * writebinary_core = (unsigned int*) 0x43C00000;
                    ^~~~~~~~~~~~~~~~
../src/helloworld.c:178:9: warning: variable 'leftover2' set but not used [-Wunused-but-set-variable]
     int leftover2 = 0;
         ^~~~~~~~~
../src/helloworld.c: In function 'main':
../src/helloworld.c:261:14: warning: passing argument 1 of 'compress' from incompatible pointer type [-Wincompatible-pointer-types]
     compress(inputFile,outputFile);
              ^~~~~~~~~
../src/helloworld.c:175:6: note: expected 'int **' but argument is of type 'int *'
 void compress(int *inputFile[10], int *outputFile[20]) {
      ^~~~~~~~
../src/helloworld.c:261:24: warning: passing argument 2 of 'compress' from incompatible pointer type [-Wincompatible-pointer-types]
     compress(inputFile,outputFile);
                        ^~~~~~~~~~
../src/helloworld.c:175:6: note: expected 'int **' but argument is of type 'int *'
 void compress(int *inputFile[10], int *outputFile[20]) {
      ^~~~~~~~
../src/helloworld.c:269:4: warning: statement with no effect [-Wunused-value]
    for(j;j<20;j++){
    ^~~
../src/helloworld.c: In function 'compress':
../src/helloworld.c:204:10: warning: 'out' may be used uninitialized in this function [-Wmaybe-uninitialized]
          XWritebinary_Set_out_r(&WBInst, out);
          ^~~~~~~~~~~~~~~~~~~~~~~~~~~~~~~~~~~~
'Finished building: ../src/helloworld.c'
' '
'Building target: lzw_acc_alt.elf'
'Invoking: ARM v7 gcc linker'
arm-none-eabi-gcc -mcpu=cortex-a9 -mfpu=vfpv3 -mfloat-abi=hard -Wl,-build-id=none -specs=Xilinx.spec -Wl,-T -Wl,../src/lscript.ld -L../../lzw_acc_alt_bsp/ps7_cortexa9_0/lib -o "lzw_acc_alt.elf"  ./src/helloworld.o ./src/platform.o   -Wl,--start-group,-lxil,-lgcc,-lc,--end-group
'Finished building target: lzw_acc_alt.elf'
' '
'Invoking: ARM v7 Print Size'
arm-none-eabi-size lzw_acc_alt.elf  |tee "lzw_acc_alt.elf.size"
   text	   data	    bss	    dec	    hex	filename
  77412	   2592	  23360	 103364	  193c4	lzw_acc_alt.elf
'Finished building: lzw_acc_alt.elf.size'
' '
05:05:12 **** Incremental Build of configuration Debug for project lzw_acc_1 ****
make pre-build main-build 
a9-linaro-pre-build-step
' '
make: `main-build' için hiçbir þey yapýlmadý.
05:05:13 **** Incremental Build of configuration Debug for project lzw_acc_alt ****
make pre-build main-build 
a9-linaro-pre-build-step
' '
make: `main-build' için hiçbir þey yapýlmadý.
